Archive member included to satisfy reference by file (symbol)

c:/nxp/mcuxpressoide_11.1.0_3209/ide/plugins/com.nxp.mcuxpresso.tools.win32_11.1.0.201909161352/tools/bin/../lib/gcc/arm-none-eabi/8.3.1/../../../../arm-none-eabi/lib/thumb/v7e-m+dp/hard\libcr_nohost_nf.a(_cr__main.o)
                              ./startup/startup_mimxrt1021.o (__main)
c:/nxp/mcuxpressoide_11.1.0_3209/ide/plugins/com.nxp.mcuxpresso.tools.win32_11.1.0.201909161352/tools/bin/../lib/gcc/arm-none-eabi/8.3.1/../../../../arm-none-eabi/lib/thumb/v7e-m+dp/hard\libcr_c.a(memset.o)
                              ./utilities/fsl_debug_console.o (memset)
c:/nxp/mcuxpressoide_11.1.0_3209/ide/plugins/com.nxp.mcuxpresso.tools.win32_11.1.0.201909161352/tools/bin/../lib/gcc/arm-none-eabi/8.3.1/../../../../arm-none-eabi/lib/thumb/v7e-m+dp/hard\libcr_c.a(alloc.o)
                              ./drivers/fsl_common.o (malloc)
c:/nxp/mcuxpressoide_11.1.0_3209/ide/plugins/com.nxp.mcuxpresso.tools.win32_11.1.0.201909161352/tools/bin/../lib/gcc/arm-none-eabi/8.3.1/../../../../arm-none-eabi/lib/thumb/v7e-m+dp/hard\libcr_c.a(initio.o)
                              c:/nxp/mcuxpressoide_11.1.0_3209/ide/plugins/com.nxp.mcuxpresso.tools.win32_11.1.0.201909161352/tools/bin/../lib/gcc/arm-none-eabi/8.3.1/../../../../arm-none-eabi/lib/thumb/v7e-m+dp/hard\libcr_nohost_nf.a(_cr__main.o) (_initio)
c:/nxp/mcuxpressoide_11.1.0_3209/ide/plugins/com.nxp.mcuxpresso.tools.win32_11.1.0.201909161352/tools/bin/../lib/gcc/arm-none-eabi/8.3.1/../../../../arm-none-eabi/lib/thumb/v7e-m+dp/hard\libcr_c.a(setvbuf.o)
                              c:/nxp/mcuxpressoide_11.1.0_3209/ide/plugins/com.nxp.mcuxpresso.tools.win32_11.1.0.201909161352/tools/bin/../lib/gcc/arm-none-eabi/8.3.1/../../../../arm-none-eabi/lib/thumb/v7e-m+dp/hard\libcr_c.a(initio.o) (setvbuf)
c:/nxp/mcuxpressoide_11.1.0_3209/ide/plugins/com.nxp.mcuxpresso.tools.win32_11.1.0.201909161352/tools/bin/../lib/gcc/arm-none-eabi/8.3.1/../../../../arm-none-eabi/lib/thumb/v7e-m+dp/hard\libcr_c.a(strlen.o)
                              ./utilities/fsl_str.o (strlen)
c:/nxp/mcuxpressoide_11.1.0_3209/ide/plugins/com.nxp.mcuxpresso.tools.win32_11.1.0.201909161352/tools/bin/../lib/gcc/arm-none-eabi/8.3.1/../../../../arm-none-eabi/lib/thumb/v7e-m+dp/hard\libcr_c.a(memcpy.o)
                              c:/nxp/mcuxpressoide_11.1.0_3209/ide/plugins/com.nxp.mcuxpresso.tools.win32_11.1.0.201909161352/tools/bin/../lib/gcc/arm-none-eabi/8.3.1/../../../../arm-none-eabi/lib/thumb/v7e-m+dp/hard\libcr_c.a(alloc.o) (memcpy)
c:/nxp/mcuxpressoide_11.1.0_3209/ide/plugins/com.nxp.mcuxpresso.tools.win32_11.1.0.201909161352/tools/bin/../lib/gcc/arm-none-eabi/8.3.1/../../../../arm-none-eabi/lib/thumb/v7e-m+dp/hard\libcr_c.a(__init_alloc.o)
                              c:/nxp/mcuxpressoide_11.1.0_3209/ide/plugins/com.nxp.mcuxpresso.tools.win32_11.1.0.201909161352/tools/bin/../lib/gcc/arm-none-eabi/8.3.1/../../../../arm-none-eabi/lib/thumb/v7e-m+dp/hard\libcr_c.a(alloc.o) (__heaps)
c:/nxp/mcuxpressoide_11.1.0_3209/ide/plugins/com.nxp.mcuxpresso.tools.win32_11.1.0.201909161352/tools/bin/../lib/gcc/arm-none-eabi/8.3.1/../../../../arm-none-eabi/lib/thumb/v7e-m+dp/hard\libcr_c.a(_cr_sbrk.o)
                              c:/nxp/mcuxpressoide_11.1.0_3209/ide/plugins/com.nxp.mcuxpresso.tools.win32_11.1.0.201909161352/tools/bin/../lib/gcc/arm-none-eabi/8.3.1/../../../../arm-none-eabi/lib/thumb/v7e-m+dp/hard\libcr_c.a(alloc.o) (_sbrk)
c:/nxp/mcuxpressoide_11.1.0_3209/ide/plugins/com.nxp.mcuxpresso.tools.win32_11.1.0.201909161352/tools/bin/../lib/gcc/arm-none-eabi/8.3.1/../../../../arm-none-eabi/lib/thumb/v7e-m+dp/hard\libcr_c.a(_fdopen.o)
                              c:/nxp/mcuxpressoide_11.1.0_3209/ide/plugins/com.nxp.mcuxpresso.tools.win32_11.1.0.201909161352/tools/bin/../lib/gcc/arm-none-eabi/8.3.1/../../../../arm-none-eabi/lib/thumb/v7e-m+dp/hard\libcr_c.a(initio.o) (_fdopen)
c:/nxp/mcuxpressoide_11.1.0_3209/ide/plugins/com.nxp.mcuxpresso.tools.win32_11.1.0.201909161352/tools/bin/../lib/gcc/arm-none-eabi/8.3.1/../../../../arm-none-eabi/lib/thumb/v7e-m+dp/hard\libcr_c.a(errno.o)
                              c:/nxp/mcuxpressoide_11.1.0_3209/ide/plugins/com.nxp.mcuxpresso.tools.win32_11.1.0.201909161352/tools/bin/../lib/gcc/arm-none-eabi/8.3.1/../../../../arm-none-eabi/lib/thumb/v7e-m+dp/hard\libcr_c.a(_cr_sbrk.o) (errno)
c:/nxp/mcuxpressoide_11.1.0_3209/ide/plugins/com.nxp.mcuxpresso.tools.win32_11.1.0.201909161352/tools/bin/../lib/gcc/arm-none-eabi/8.3.1/../../../../arm-none-eabi/lib/thumb/v7e-m+dp/hard\libcr_c.a(fclose.o)
                              c:/nxp/mcuxpressoide_11.1.0_3209/ide/plugins/com.nxp.mcuxpresso.tools.win32_11.1.0.201909161352/tools/bin/../lib/gcc/arm-none-eabi/8.3.1/../../../../arm-none-eabi/lib/thumb/v7e-m+dp/hard\libcr_c.a(initio.o) (fclose)
[...]
Memory Configuration

Name             Origin             Length             Attributes
BOARD_FLASH      0x60000000         0x00800000         xr
SRAM_DTC         0x20000000         0x00010000         xrw
SRAM_ITC         0x00000000         0x00010000         xrw
SRAM_OC          0x20200000         0x00020000         xrw
BOARD_SDRAM      0x80000000         0x01e00000         xrw
NCACHE_REGION    0x81e00000         0x00200000         xrw
*default*        0x00000000         0xffffffff

Linker script and memory map

LOAD ./xip/evkmimxrt1020_flexspi_nor_config.o
LOAD ./xip/evkmimxrt1020_sdram_ini_dcd.o
LOAD ./xip/fsl_flexspi_nor_boot.o
LOAD ./utilities/fsl_assert.o
LOAD ./utilities/fsl_debug_console.o
LOAD ./utilities/fsl_str.o
LOAD ./usb/phy/usb_phy.o
LOAD ./usb/device/source/ehci/usb_device_ehci.o
LOAD ./usb/device/source/usb_device_ch9.o
LOAD ./usb/device/source/usb_device_dci.o
LOAD ./usb/device/class/audio/usb_device_midi.o
LOAD ./usb/device/class/usb_device_class.o
LOAD ./startup/startup_mimxrt1021.o
LOAD ./source/audio_data.o
LOAD ./source/audio_generator.o
LOAD ./source/semihost_hardfault.o
LOAD ./source/usb_device_descriptor.o
LOAD ./drivers/fsl_cache.o
LOAD ./drivers/fsl_clock.o
LOAD ./drivers/fsl_common.o
LOAD ./drivers/fsl_gpio.o
LOAD ./drivers/fsl_lpuart.o
LOAD ./device/system_MIMXRT1021.o
LOAD ./component/uart/lpuart_adapter.o
LOAD ./component/serial_manager/serial_manager.o
LOAD ./component/serial_manager/serial_port_uart.o
LOAD ./component/osa/fsl_os_abstraction_bm.o
LOAD ./component/lists/generic_list.o
LOAD ./board/board.o
LOAD ./board/clock_config.o
LOAD ./board/pin_mux.o
START GROUP
LOAD c:/nxp/mcuxpressoide_11.1.0_3209/ide/plugins/com.nxp.mcuxpresso.tools.win32_11.1.0.201909161352/tools/bin/../lib/gcc/arm-none-eabi/8.3.1/../../../../arm-none-eabi/lib/thumb/v7e-m+dp/hard\libcr_nohost_nf.a
LOAD c:/nxp/mcuxpressoide_11.1.0_3209/ide/plugins/com.nxp.mcuxpresso.tools.win32_11.1.0.201909161352/tools/bin/../lib/gcc/arm-none-eabi/8.3.1/../../../../arm-none-eabi/lib/thumb/v7e-m+dp/hard\libcr_c.a
LOAD c:/nxp/mcuxpressoide_11.1.0_3209/ide/plugins/com.nxp.mcuxpresso.tools.win32_11.1.0.201909161352/tools/bin/../lib/gcc/arm-none-eabi/8.3.1/thumb/v7e-m+dp/hard\libcr_eabihelpers.a
LOAD c:/nxp/mcuxpressoide_11.1.0_3209/ide/plugins/com.nxp.mcuxpresso.tools.win32_11.1.0.201909161352/tools/bin/../lib/gcc/arm-none-eabi/8.3.1/thumb/v7e-m+dp/hard\libgcc.a
END GROUP
                0x60000000                __base_BOARD_FLASH = 0x60000000
                0x60000000                __base_Flash = 0x60000000
                0x60800000                __top_BOARD_FLASH = 0x60800000
                0x60800000                __top_Flash = 0x60800000
                0x20000000                __base_SRAM_DTC = 0x20000000
                0x20000000                __base_RAM = 0x20000000
                0x20010000                __top_SRAM_DTC = 0x20010000
                0x20010000                __top_RAM = 0x20010000
                0x00000000                __base_SRAM_ITC = 0x0
                0x00000000                __base_RAM2 = 0x0
                0x00010000                __top_SRAM_ITC = 0x10000
                0x00010000                __top_RAM2 = 0x10000
                0x20200000                __base_SRAM_OC = 0x20200000
                0x20200000                __base_RAM3 = 0x20200000
                0x20220000                __top_SRAM_OC = 0x20220000
                0x20220000                __top_RAM3 = 0x20220000
                0x80000000                __base_BOARD_SDRAM = 0x80000000
                0x80000000                __base_RAM4 = 0x80000000
                0x81e00000                __top_BOARD_SDRAM = 0x81e00000
                0x81e00000                __top_RAM4 = 0x81e00000
                0x81e00000                __base_NCACHE_REGION = 0x81e00000
                0x81e00000                __base_RAM5 = 0x81e00000
                0x82000000                __top_NCACHE_REGION = 0x82000000
                0x82000000                __top_RAM5 = 0x82000000

.boot_hdr       0x60000000     0x2000
 FILL mask 0xff
                0x60000000                __boot_hdr_start__ = ABSOLUTE (.)
 *(SORT_BY_ALIGNMENT(.boot_hdr.conf))
 .boot_hdr.conf
                0x60000000      0x200 ./xip/evkmimxrt1020_flexspi_nor_config.o
                0x60000000                qspiflash_config
                0x00001000                . = 0x1000
 *fill*         0x60000200      0xe00 ff
 *(SORT_BY_ALIGNMENT(.boot_hdr.ivt))
 .boot_hdr.ivt  0x60001000       0x20 ./xip/fsl_flexspi_nor_boot.o
                0x60001000                image_vector_table
                0x00001020                . = 0x1020
 *(SORT_BY_ALIGNMENT(.boot_hdr.boot_data))
 .boot_hdr.boot_data
                0x60001020       0x10 ./xip/fsl_flexspi_nor_boot.o
                0x60001020                boot_data
                0x00001030                . = 0x1030
 *(SORT_BY_ALIGNMENT(.boot_hdr.dcd_data))
                0x60001030                __boot_hdr_end__ = ABSOLUTE (.)
                0x00002000                . = 0x2000
 *fill*         0x60001030      0xfd0 ff

.text           0x60002000     0x7f0c
 FILL mask 0xff
                0x60002000                __vectors_start__ = ABSOLUTE (.)
 *(SORT_BY_ALIGNMENT(.isr_vector))
 .isr_vector    0x60002000      0x278 ./startup/startup_mimxrt1021.o
                0x60002000                g_pfnVectors
                0x60002000                __Vectors
                0x60002278                . = ALIGN (0x4)
                0x60002278                __section_table_start = .
                0x60002278                __data_section_table = .
                0x60002278        0x4 LONG 0x60009f0c LOADADDR (.data)
                0x6000227c        0x4 LONG 0x20000000 ADDR (.data)
                0x60002280        0x4 LONG 0x174 SIZEOF (.data)
                0x60002284        0x4 LONG 0x60009f0c LOADADDR (.data_RAM2)
                0x60002288        0x4 LONG 0x0 ADDR (.data_RAM2)
                0x6000228c        0x4 LONG 0x0 SIZEOF (.data_RAM2)
                0x60002290        0x4 LONG 0x60009f0c LOADADDR (.data_RAM3)
                0x60002294        0x4 LONG 0x20200000 ADDR (.data_RAM3)
                0x60002298        0x4 LONG 0x0 SIZEOF (.data_RAM3)
                0x6000229c        0x4 LONG 0x60009f0c LOADADDR (.data_RAM4)
                0x600022a0        0x4 LONG 0x80000000 ADDR (.data_RAM4)
                0x600022a4        0x4 LONG 0x0 SIZEOF (.data_RAM4)
                0x600022a8        0x4 LONG 0x60009f0c LOADADDR (.data_RAM5)
                0x600022ac        0x4 LONG 0x81e00000 ADDR (.data_RAM5)
                0x600022b0        0x4 LONG 0x0 SIZEOF (.data_RAM5)
                0x600022b4                __data_section_table_end = .
                0x600022b4                __bss_section_table = .
                0x600022b4        0x4 LONG 0x20000800 ADDR (.bss)
                0x600022b8        0x4 LONG 0x888 SIZEOF (.bss)
                0x600022bc        0x4 LONG 0x0 ADDR (.bss_RAM2)
                0x600022c0        0x4 LONG 0x0 SIZEOF (.bss_RAM2)
                0x600022c4        0x4 LONG 0x20200000 ADDR (.bss_RAM3)
                0x600022c8        0x4 LONG 0x0 SIZEOF (.bss_RAM3)
                0x600022cc        0x4 LONG 0x80000000 ADDR (.bss_RAM4)
                0x600022d0        0x4 LONG 0x0 SIZEOF (.bss_RAM4)
                0x600022d4        0x4 LONG 0x81e00000 ADDR (.bss_RAM5)
                0x600022d8        0x4 LONG 0x0 SIZEOF (.bss_RAM5)
                0x600022dc                __bss_section_table_end = .
                0x600022dc                __section_table_end = .
 *(SORT_BY_ALIGNMENT(.after_vectors*))
 .after_vectors.reset
                0x600022dc       0x4c ./startup/startup_mimxrt1021.o
                0x600022dc                ResetISR
 .after_vectors.init_data
                0x60002328       0x1e ./startup/startup_mimxrt1021.o
                0x60002328                data_init
 .after_vectors.init_bss
                0x60002346       0x12 ./startup/startup_mimxrt1021.o
                0x60002346                bss_init
 .after_vectors
                0x60002358        0xc ./startup/startup_mimxrt1021.o
                0x60002358                NMI_Handler
                0x6000235c                SVC_Handler
                0x6000235e                PendSV_Handler
                0x60002360                SysTick_Handler
                0x60002362                SAI3_RX_DriverIRQHandler
                0x60002362                CCM_2_DriverIRQHandler
                0x60002362                PIT_DriverIRQHandler
                0x60002362                Reserved102_DriverIRQHandler
                0x60002362                LPSPI2_DriverIRQHandler
                0x60002362                DMA13_DMA29_DriverIRQHandler
                0x60002362                FLEXRAM_DriverIRQHandler
                0x60002362                LPSPI4_DriverIRQHandler
                0x60002362                SEMC_DriverIRQHandler
                0x60002362                SPDIF_DriverIRQHandler
                0x60002362                Reserved87_DriverIRQHandler
                0x60002362                KPP_DriverIRQHandler
                0x60002362                Reserved152_DriverIRQHandler
                0x60002362                USB_PHY_DriverIRQHandler
                0x60002362                GPIO3_Combined_0_15_DriverIRQHandler
                0x60002362                Reserved82_DriverIRQHandler
                0x60002362                DMA7_DMA23_DriverIRQHandler
                0x60002362                BEE_DriverIRQHandler
                0x60002362                LPI2C3_DriverIRQHandler
                0x60002362                GPR_IRQ_DriverIRQHandler
                0x60002362                Reserved103_DriverIRQHandler
                0x60002362                PWM2_FAULT_DriverIRQHandler
                0x60002362                Reserved56_DriverIRQHandler
                0x60002362                DMA14_DMA30_DriverIRQHandler
                0x60002362                TMR1_DriverIRQHandler
                0x60002362                TRNG_DriverIRQHandler
                0x60002362                ENET_1588_Timer_DriverIRQHandler
                0x60002362                GPIO2_Combined_16_31_DriverIRQHandler
                0x60002362                Reserved143_DriverIRQHandler
                0x60002362                Reserved151_DriverIRQHandler
                0x60002362                DMA0_DMA16_DriverIRQHandler
                0x60002362                IntDefaultHandler
                0x60002362                DMA2_DMA18_DriverIRQHandler
                0x60002362                SRC_DriverIRQHandler
                0x60002362                GPIO1_INT4_DriverIRQHandler
                0x60002362                Reserved144_DriverIRQHandler
                0x60002362                USDHC1_DriverIRQHandler
                0x60002362                EWM_DriverIRQHandler
                0x60002362                WDOG1_DriverIRQHandler
                0x60002362                FLEXIO1_DriverIRQHandler
                0x60002362                ENET_DriverIRQHandler
                0x60002362                Reserved78_DriverIRQHandler
                0x60002362                ENC2_DriverIRQHandler
                0x60002362                ADC_ETC_IRQ2_DriverIRQHandler
                0x60002362                GPIO1_Combined_16_31_DriverIRQHandler
                0x60002362                GPIO1_INT7_DriverIRQHandler
                0x60002362                SAI1_DriverIRQHandler
                0x60002362                DCDC_DriverIRQHandler
                0x60002362                DMA12_DMA28_DriverIRQHandler
                0x60002362                ADC_ETC_ERROR_IRQ_DriverIRQHandler
                0x60002362                ACMP2_DriverIRQHandler
                0x60002362                GPIO5_Combined_0_15_DriverIRQHandler
                0x60002362                GPIO1_INT0_DriverIRQHandler
                0x60002362                GPIO1_INT2_DriverIRQHandler
                0x60002362                RTWDOG_DriverIRQHandler
                0x60002362                FLEXSPI_DriverIRQHandler
                0x60002362                GPT2_DriverIRQHandler
                0x60002362                DMA10_DMA26_DriverIRQHandler
                0x60002362                PWM2_1_DriverIRQHandler
                0x60002362                PWM1_1_DriverIRQHandler
                0x60002362                ADC1_DriverIRQHandler
                0x60002362                Reserved148_DriverIRQHandler
                0x60002362                PWM1_0_DriverIRQHandler
                0x60002362                DMA1_DMA17_DriverIRQHandler
                0x60002362                ENC1_DriverIRQHandler
                0x60002362                CAN2_DriverIRQHandler
                0x60002362                DCP_DriverIRQHandler
                0x60002362                CTI0_ERROR_DriverIRQHandler
                0x60002362                DMA8_DMA24_DriverIRQHandler
                0x60002362                GPT1_DriverIRQHandler
                0x60002362                ACMP3_DriverIRQHandler
                0x60002362                DMA6_DMA22_DriverIRQHandler
                0x60002362                CSU_DriverIRQHandler
                0x60002362                GPIO1_INT5_DriverIRQHandler
                0x60002362                TMR2_DriverIRQHandler
                0x60002362                CTI1_ERROR_DriverIRQHandler
                0x60002362                GPIO1_Combined_0_15_DriverIRQHandler
                0x60002362                USDHC2_DriverIRQHandler
                0x60002362                SAI2_DriverIRQHandler
                0x60002362                CORE_DriverIRQHandler
                0x60002362                Reserved147_DriverIRQHandler
                0x60002362                ACMP4_DriverIRQHandler
                0x60002362                DMA11_DMA27_DriverIRQHandler
                0x60002362                PWM2_3_DriverIRQHandler
                0x60002362                Reserved60_DriverIRQHandler
                0x60002362                XBAR1_IRQ_2_3_DriverIRQHandler
                0x60002362                SNVS_HP_WRAPPER_TZ_DriverIRQHandler
                0x60002362                GPIO3_Combined_16_31_DriverIRQHandler
                0x60002362                PWM1_FAULT_DriverIRQHandler
                0x60002362                LPI2C1_DriverIRQHandler
                0x60002362                PWM2_2_DriverIRQHandler
                0x60002362                Reserved128_DriverIRQHandler
                0x60002362                DMA4_DMA20_DriverIRQHandler
                0x60002362                DMA9_DMA25_DriverIRQHandler
                0x60002362                SNVS_HP_WRAPPER_DriverIRQHandler
                0x60002362                XBAR1_IRQ_0_1_DriverIRQHandler
                0x60002362                ADC_ETC_IRQ1_DriverIRQHandler
                0x60002362                LPSPI1_DriverIRQHandler
                0x60002362                DMA3_DMA19_DriverIRQHandler
                0x60002362                GPIO1_INT3_DriverIRQHandler
                0x60002362                DCP_VMI_DriverIRQHandler
                0x60002362                LPI2C4_DriverIRQHandler
                0x60002362                GPC_DriverIRQHandler
                0x60002362                Reserved123_DriverIRQHandler
                0x60002362                GPIO2_Combined_0_15_DriverIRQHandler
                0x60002362                PWM1_2_DriverIRQHandler
                0x60002362                USB_OTG1_DriverIRQHandler
                0x60002362                TEMP_LOW_HIGH_DriverIRQHandler
                0x60002362                SAI3_TX_DriverIRQHandler
                0x60002362                WDOG2_DriverIRQHandler
                0x60002362                Reserved68_DriverIRQHandler
                0x60002362                PMU_DriverIRQHandler
                0x60002362                Reserved59_DriverIRQHandler
                0x60002362                GPIO5_Combined_16_31_DriverIRQHandler
                0x60002362                DMA5_DMA21_DriverIRQHandler
                0x60002362                CCM_1_DriverIRQHandler
                0x60002362                ADC2_DriverIRQHandler
                0x60002362                Reserved58_DriverIRQHandler
                0x60002362                Reserved115_DriverIRQHandler
                0x60002362                TEMP_PANIC_DriverIRQHandler
                0x60002362                DMA15_DMA31_DriverIRQHandler
                0x60002362                Reserved107_DriverIRQHandler
                0x60002362                LPSPI3_DriverIRQHandler
                0x60002362                PWM1_3_DriverIRQHandler
                0x60002362                Reserved70_DriverIRQHandler
                0x60002362                ACMP1_DriverIRQHandler
                0x60002362                LPI2C2_DriverIRQHandler
                0x60002362                Reserved86_DriverIRQHandler
                0x60002362                DMA_ERROR_DriverIRQHandler
                0x60002362                ADC_ETC_IRQ0_DriverIRQHandler
                0x60002362                CAN1_DriverIRQHandler
                0x60002362                GPIO1_INT6_DriverIRQHandler
                0x60002362                GPIO1_INT1_DriverIRQHandler
                0x60002362                PWM2_0_DriverIRQHandler
                0x60002362                SNVS_LP_WRAPPER_DriverIRQHandler
 *(SORT_BY_ALIGNMENT(.text*))
 .text.__assertion_failed
                0x60002364       0x18 ./utilities/fsl_assert.o
                0x60002364                __assertion_failed
 .text.DbgConsole_SendDataReliable
                0x6000237c       0x68 ./utilities/fsl_debug_console.o
                0x6000237c                DbgConsole_SendDataReliable
 .text.DbgConsole_Init
                0x600023e4      0x104 ./utilities/fsl_debug_console.o
                0x600023e4                DbgConsole_Init
 .text.DbgConsole_Printf
                0x600024e8       0x74 ./utilities/fsl_debug_console.o
                0x600024e8                DbgConsole_Printf
 .text.USB_EhciPhyGetBase
                0x6000255c       0xd8 ./usb/phy/usb_phy.o
                0x6000255c                USB_EhciPhyGetBase
 .text.USB_EhciPhyInit
                0x60002634       0xc8 ./usb/phy/usb_phy.o
                0x60002634                USB_EhciPhyInit
 .text.USB_DeviceEhciCancelControlPipe
                0x600026fc      0x194 ./usb/device/source/ehci/usb_device_ehci.o
 .text.USB_DeviceEhciInterruptTokenDone
                0x60002890      0x42c ./usb/device/source/ehci/usb_device_ehci.o
 .text.USB_DeviceEhciTransfer
                0x60002cbc      0x3b4 ./usb/device/source/ehci/usb_device_ehci.o
 .text.USB_EhciGetValidEhciState
                0x60003070       0x58 ./usb/device/source/ehci/usb_device_ehci.o
                0x60003070                USB_EhciGetValidEhciState
 .text.USB_DeviceEhciInit
                0x600030c8       0xd8 ./usb/device/source/ehci/usb_device_ehci.o
                0x600030c8                USB_DeviceEhciInit
 .text.USB_DeviceEhciDeinit
                0x600031a0       0x8c ./usb/device/source/ehci/usb_device_ehci.o
                0x600031a0                USB_DeviceEhciDeinit
 .text.USB_DeviceEhciCancel
                0x6000322c      0x220 ./usb/device/source/ehci/usb_device_ehci.o
                0x6000322c                USB_DeviceEhciCancel
 .text.USB_DeviceEhciControl
                0x6000344c      0x298 ./usb/device/source/ehci/usb_device_ehci.o
                0x6000344c                USB_DeviceEhciControl
 .text.USB_DeviceControlCallback
                0x600036e4      0x37c ./usb/device/source/usb_device_ch9.o
                0x600036e4                USB_DeviceControlCallback
 .text.USB_DeviceControlPipeInit
                0x60003a60       0x7c ./usb/device/source/usb_device_ch9.o
                0x60003a60                USB_DeviceControlPipeInit
 .text.USB_DeviceAllocateHandle
                0x60003adc       0xd4 ./usb/device/source/usb_device_dci.o
 .text.USB_DeviceGetControllerInterface
                0x60003bb0       0x38 ./usb/device/source/usb_device_dci.o
 .text.USB_DeviceGetStatus
                0x60003be8       0xcc ./usb/device/source/usb_device_dci.o
                0x60003be8                USB_DeviceGetStatus
 .text.USB_DeviceSetStatus
                0x60003cb4      0x114 ./usb/device/source/usb_device_dci.o
                0x60003cb4                USB_DeviceSetStatus
 .text.USB_DeviceAudioMIDIStreamingAllocateHandle
                0x60003dc8       0x6c ./usb/device/class/audio/usb_device_midi.o
 .text.USB_DeviceAudioMIDIStreamingEndpointsInit
                0x60003e34      0x184 ./usb/device/class/audio/usb_device_midi.o
                0x60003e34                USB_DeviceAudioMIDIStreamingEndpointsInit
 .text.USB_DeviceAudioMIDIStreamingEvent
                0x60003fb8      0x1f0 ./usb/device/class/audio/usb_device_midi.o
                0x60003fb8                USB_DeviceAudioMIDIStreamingEvent
 .text.USB_DeviceClassAllocateHandle
                0x600041a8       0xc8 ./usb/device/class/usb_device_class.o
 .text.USB_DeviceClassFreeHandle
                0x60004270       0x90 ./usb/device/class/usb_device_class.o
 .text.USB_DeviceClassGetHandleByControllerId
                0x60004300       0x78 ./usb/device/class/usb_device_class.o
 .text.USB_DeviceClassGetHandleByDeviceHandle
                0x60004378       0x64 ./usb/device/class/usb_device_class.o
 .text.USB_DeviceClassGetDeviceHandle
                0x600043dc       0x78 ./usb/device/class/usb_device_class.o
                0x600043dc                USB_DeviceClassGetDeviceHandle
 .text.USB_DeviceClassEvent
                0x60004454       0xe0 ./usb/device/class/usb_device_class.o
                0x60004454                USB_DeviceClassEvent
 .text.USB_DeviceClassInit
                0x60004534      0x11c ./usb/device/class/usb_device_class.o
                0x60004534                USB_DeviceClassInit
 .text.__NVIC_EnableIRQ
                0x60004650       0x3c ./source/audio_generator.o
 .text.__NVIC_SetPriority
                0x6000468c       0x54 ./source/audio_generator.o
 .text.USB_OTG1_IRQHandler
                0x600046e0       0x18 ./source/audio_generator.o
                0x600046e0                USB_OTG1_IRQHandler
 .text.USB_DeviceClockInit
                0x600046f8       0x48 ./source/audio_generator.o
                0x600046f8                USB_DeviceClockInit
 .text.USB_DeviceAudioCallback
                0x60004740       0x7c ./source/audio_generator.o
                0x60004740                USB_DeviceAudioCallback
 .text.USB_DeviceCallback
                0x600047bc      0x1c0 ./source/audio_generator.o
                0x600047bc                USB_DeviceCallback
 .text.APPInit  0x6000497c       0x50 ./source/audio_generator.o
                0x6000497c                APPInit
 .text.USB_DeviceGetDeviceDescriptor
                0x600049cc       0x28 ./source/usb_device_descriptor.o
                0x600049cc                USB_DeviceGetDeviceDescriptor
 .text.USB_DeviceGetConfigurationDescriptor
                0x600049f4       0x34 ./source/usb_device_descriptor.o
                0x600049f4                USB_DeviceGetConfigurationDescriptor
 .text.USB_DeviceGetStringDescriptor
                0x60004a28       0xc0 ./source/usb_device_descriptor.o
                0x60004a28                USB_DeviceGetStringDescriptor
 .text.USB_DeviceSetSpeed
                0x60004ae8       0x44 ./source/usb_device_descriptor.o
                0x60004ae8                USB_DeviceSetSpeed
 .text.CLOCK_GetOscFreq
                0x60004b2c       0x30 ./drivers/fsl_clock.o
 .text.CLOCK_InitExternalClk
                0x60004b5c       0x6c ./drivers/fsl_clock.o
                0x60004b5c                CLOCK_InitExternalClk
 .text.CLOCK_SwitchOsc
                0x60004bc8       0x34 ./drivers/fsl_clock.o
                0x60004bc8                CLOCK_SwitchOsc
 .text.CLOCK_InitRcOsc24M
                0x60004bfc       0x24 ./drivers/fsl_clock.o
                0x60004bfc                CLOCK_InitRcOsc24M
 .text.CLOCK_EnableUsbhs0Clock
                0x60004c20       0x7c ./drivers/fsl_clock.o
                0x60004c20                CLOCK_EnableUsbhs0Clock
 .text.CLOCK_EnableUsbhs0PhyPllClock
                0x60004c9c       0x70 ./drivers/fsl_clock.o
                0x60004c9c                CLOCK_EnableUsbhs0PhyPllClock
 .text.CLOCK_InitSysPll
                0x60004d0c       0x9c ./drivers/fsl_clock.o
                0x60004d0c                CLOCK_InitSysPll
 .text.CLOCK_InitUsb1Pll
                0x60004da8       0x68 ./drivers/fsl_clock.o
                0x60004da8                CLOCK_InitUsb1Pll
 .text.CLOCK_DeinitAudioPll
                0x60004e10       0x1c ./drivers/fsl_clock.o
                0x60004e10                CLOCK_DeinitAudioPll
 .text.CLOCK_InitEnetPll
                0x60004e2c       0xa4 ./drivers/fsl_clock.o
                0x60004e2c                CLOCK_InitEnetPll
 .text.CLOCK_GetPllFreq
                0x60004ed0      0x250 ./drivers/fsl_clock.o
                0x60004ed0                CLOCK_GetPllFreq
 .text.CLOCK_InitSysPfd
                0x60005120       0x64 ./drivers/fsl_clock.o
                0x60005120                CLOCK_InitSysPfd
 .text.CLOCK_ControlGate
                0x60005184       0x64 ./drivers/fsl_lpuart.o
 .text.LPUART_GetInstance
                0x600051e8       0x4c ./drivers/fsl_lpuart.o
                0x600051e8                LPUART_GetInstance
 .text.LPUART_Init
                0x60005234      0x310 ./drivers/fsl_lpuart.o
                0x60005234                LPUART_Init
 .text.LPUART_GetDefaultConfig
                0x60005544       0x88 ./drivers/fsl_lpuart.o
                0x60005544                LPUART_GetDefaultConfig
 .text.LPUART_WriteBlocking
                0x600055cc       0x68 ./drivers/fsl_lpuart.o
                0x600055cc                LPUART_WriteBlocking
 .text.LPUART1_DriverIRQHandler
                0x60005634       0x24 ./drivers/fsl_lpuart.o
                0x60005634                LPUART1_DriverIRQHandler
 .text.LPUART2_DriverIRQHandler
                0x60005658       0x24 ./drivers/fsl_lpuart.o
                0x60005658                LPUART2_DriverIRQHandler
 .text.LPUART3_DriverIRQHandler
                0x6000567c       0x24 ./drivers/fsl_lpuart.o
                0x6000567c                LPUART3_DriverIRQHandler
 .text.LPUART4_DriverIRQHandler
                0x600056a0       0x24 ./drivers/fsl_lpuart.o
                0x600056a0                LPUART4_DriverIRQHandler
 .text.LPUART5_DriverIRQHandler
                0x600056c4       0x24 ./drivers/fsl_lpuart.o
                0x600056c4                LPUART5_DriverIRQHandler
 .text.LPUART6_DriverIRQHandler
                0x600056e8       0x24 ./drivers/fsl_lpuart.o
                0x600056e8                LPUART6_DriverIRQHandler
 .text.LPUART7_DriverIRQHandler
                0x6000570c       0x24 ./drivers/fsl_lpuart.o
                0x6000570c                LPUART7_DriverIRQHandler
 .text.LPUART8_DriverIRQHandler
                0x60005730       0x24 ./drivers/fsl_lpuart.o
                0x60005730                LPUART8_DriverIRQHandler
 .text.SystemInit
                0x60005754      0x1c8 ./device/system_MIMXRT1021.o
                0x60005754                SystemInit
 .text.HAL_UartInit
                0x6000591c      0x100 ./component/uart/lpuart_adapter.o
                0x6000591c                HAL_UartInit
 .text.HAL_UartSendBlocking
                0x60005a1c       0x64 ./component/uart/lpuart_adapter.o
                0x60005a1c                HAL_UartSendBlocking
 .text.SerialManager_Write
                0x60005a80       0x6c ./component/serial_manager/serial_manager.o
 .text.SerialManager_Init
                0x60005aec       0x74 ./component/serial_manager/serial_manager.o
                0x60005aec                SerialManager_Init
 .text.SerialManager_OpenWriteHandle
                0x60005b60       0x64 ./component/serial_manager/serial_manager.o
                0x60005b60                SerialManager_OpenWriteHandle
 .text.SerialManager_OpenReadHandle
                0x60005bc4       0x74 ./component/serial_manager/serial_manager.o
                0x60005bc4                SerialManager_OpenReadHandle
 .text.Serial_UartInit
                0x60005c38       0x80 ./component/serial_manager/serial_port_uart.o
                0x60005c38                Serial_UartInit
 .text.Serial_UartWrite
                0x60005cb8       0x58 ./component/serial_manager/serial_port_uart.o
                0x60005cb8                Serial_UartWrite
 .text.ARM_MPU_Enable
                0x60005d10       0x3c ./board/board.o
 .text.ARM_MPU_Disable
                0x60005d4c       0x34 ./board/board.o
 .text.CLOCK_GetMux
                0x60005d80       0x44 ./board/board.o
 .text.CLOCK_GetDiv
                0x60005dc4       0x44 ./board/board.o
 .text.CLOCK_GetOscFreq
                0x60005e08       0x30 ./board/board.o
 .text.BOARD_DebugConsoleSrcFreq
                0x60005e38       0x64 ./board/board.o
                0x60005e38                BOARD_DebugConsoleSrcFreq
 .text.BOARD_ConfigMPU
                0x60005e9c      0x29c ./board/board.o
                0x60005e9c                BOARD_ConfigMPU
 .text.CLOCK_SetMux
                0x60006138       0x9c ./board/clock_config.o
 .text.CLOCK_SetDiv
                0x600061d4       0x9c ./board/clock_config.o
 .text.CLOCK_ControlGate
                0x60006270       0x64 ./board/clock_config.o
 .text.CLOCK_SetXtalFreq
                0x600062d4       0x20 ./board/clock_config.o
 .text.CLOCK_SetRtcXtalFreq
                0x600062f4       0x20 ./board/clock_config.o
 .text.IOMUXC_EnableMode
                0x60006314       0x48 ./board/clock_config.o
 .text.IOMUXC_MQSConfig
                0x6000635c       0x44 ./board/clock_config.o
 .text.BOARD_BootClockRUN
                0x600063a0      0x4ec ./board/clock_config.o
                0x600063a0                BOARD_BootClockRUN
 .text.CLOCK_ControlGate
                0x6000688c       0x64 ./board/pin_mux.o
 .text.BOARD_InitPins
                0x600068f0       0x78 ./board/pin_mux.o
                0x600068f0                BOARD_InitPins
 .text._initio  0x60006968       0x78 c:/nxp/mcuxpressoide_11.1.0_3209/ide/plugins/com.nxp.mcuxpresso.tools.win32_11.1.0.201909161352/tools/bin/../lib/gcc/arm-none-eabi/8.3.1/../../../../arm-none-eabi/lib/thumb/v7e-m+dp/hard\libcr_c.a(initio.o)
                0x60006968                _initio
 .text.setvbuf  0x600069e0       0x40 c:/nxp/mcuxpressoide_11.1.0_3209/ide/plugins/com.nxp.mcuxpresso.tools.win32_11.1.0.201909161352/tools/bin/../lib/gcc/arm-none-eabi/8.3.1/../../../../arm-none-eabi/lib/thumb/v7e-m+dp/hard\libcr_c.a(setvbuf.o)
                0x600069e0                setvbuf
 .text.fflush   0x60006a20       0x44 c:/nxp/mcuxpressoide_11.1.0_3209/ide/plugins/com.nxp.mcuxpresso.tools.win32_11.1.0.201909161352/tools/bin/../lib/gcc/arm-none-eabi/8.3.1/../../../../arm-none-eabi/lib/thumb/v7e-m+dp/hard\libcr_c.a(fflush.o)
                0x60006a20                fflush
 .text.fseek    0x60006a64      0x100 c:/nxp/mcuxpressoide_11.1.0_3209/ide/plugins/com.nxp.mcuxpresso.tools.win32_11.1.0.201909161352/tools/bin/../lib/gcc/arm-none-eabi/8.3.1/../../../../arm-none-eabi/lib/thumb/v7e-m+dp/hard\libcr_c.a(fseek.o)
                0x60006a64                fseek
 .text.ftell    0x60006b64       0x48 c:/nxp/mcuxpressoide_11.1.0_3209/ide/plugins/com.nxp.mcuxpresso.tools.win32_11.1.0.201909161352/tools/bin/../lib/gcc/arm-none-eabi/8.3.1/../../../../arm-none-eabi/lib/thumb/v7e-m+dp/hard\libcr_c.a(ftell.o)
                0x60006b64                ftell
 .text._Cwritebuf
                0x60006bac       0x6c c:/nxp/mcuxpressoide_11.1.0_3209/ide/plugins/com.nxp.mcuxpresso.tools.win32_11.1.0.201909161352/tools/bin/../lib/gcc/arm-none-eabi/8.3.1/../../../../arm-none-eabi/lib/thumb/v7e-m+dp/hard\libcr_c.a(_writebuf.o)
                0x60006bac                _Cwritebuf
 .text.DbgConsole_PrintCallback
                0x60006c18       0x64 ./utilities/fsl_debug_console.o
 .text.ConvertRadixNumToString
                0x60006c7c      0x114 ./utilities/fsl_str.o
 .text.StrFormatPrintf
                0x60006d90      0x30c ./utilities/fsl_str.o
                0x60006d90                StrFormatPrintf
 .text.USB_DeviceEhciSetDefaultState
                0x6000709c      0x132 ./usb/device/source/ehci/usb_device_ehci.o
 .text.USB_DeviceEhciEndpointInit
                0x600071ce      0x204 ./usb/device/source/ehci/usb_device_ehci.o
 .text.USB_DeviceEhciEndpointDeinit
                0x600073d2       0xf6 ./usb/device/source/ehci/usb_device_ehci.o
 .text.USB_DeviceEhciEndpointStall
                0x600074c8       0xea ./usb/device/source/ehci/usb_device_ehci.o
 .text.USB_DeviceEhciEndpointUnstall
                0x600075b2       0xba ./usb/device/source/ehci/usb_device_ehci.o
 .text.USB_DeviceEhciFillSetupBuffer
                0x6000766c       0xa6 ./usb/device/source/ehci/usb_device_ehci.o
 .text.USB_DeviceEhciInterruptPortChange
                0x60007712       0x74 ./usb/device/source/ehci/usb_device_ehci.o
 .text.USB_DeviceEhciInterruptReset
                0x60007786       0x92 ./usb/device/source/ehci/usb_device_ehci.o
 .text.USB_DeviceEhciInterruptSof
                0x60007818       0x14 ./usb/device/source/ehci/usb_device_ehci.o
 .text.USB_DeviceEhciSend
                0x6000782c       0x32 ./usb/device/source/ehci/usb_device_ehci.o
                0x6000782c                USB_DeviceEhciSend
 .text.USB_DeviceEhciRecv
                0x6000785e       0x2c ./usb/device/source/ehci/usb_device_ehci.o
                0x6000785e                USB_DeviceEhciRecv
 .text.USB_DeviceEhciIsrFunction
                0x6000788a       0x84 ./usb/device/source/ehci/usb_device_ehci.o
                0x6000788a                USB_DeviceEhciIsrFunction
 .text.USB_DeviceCh9GetStatus
                0x6000790e       0xe8 ./usb/device/source/usb_device_ch9.o
 .text.USB_DeviceCh9SetClearFeature
                0x600079f6       0xf2 ./usb/device/source/usb_device_ch9.o
 .text.USB_DeviceCh9SetAddress
                0x60007ae8       0x9c ./usb/device/source/usb_device_ch9.o
 .text.USB_DeviceCh9GetDescriptor
                0x60007b84       0xe2 ./usb/device/source/usb_device_ch9.o
 .text.USB_DeviceCh9GetConfiguration
                0x60007c66       0x58 ./usb/device/source/usb_device_ch9.o
 .text.USB_DeviceCh9SetConfiguration
                0x60007cbe       0x88 ./usb/device/source/usb_device_ch9.o
 .text.USB_DeviceCh9GetInterface
                0x60007d46       0x6e ./usb/device/source/usb_device_ch9.o
 .text.USB_DeviceCh9SetInterface
                0x60007db4       0x6a ./usb/device/source/usb_device_ch9.o
 .text.USB_DeviceCh9SynchFrame
                0x60007e1e       0x62 ./usb/device/source/usb_device_ch9.o
 .text.USB_DeviceControlCallbackFeedback
                0x60007e80       0xb4 ./usb/device/source/usb_device_ch9.o
 .text.USB_DeviceFreeHandle
                0x60007f34       0x32 ./usb/device/source/usb_device_dci.o
 .text.USB_DeviceTransfer
                0x60007f66      0x10e ./usb/device/source/usb_device_dci.o
 .text.USB_DeviceControl
                0x60008074       0x4c ./usb/device/source/usb_device_dci.o
 .text.USB_DeviceResetNotification
                0x600080c0       0x98 ./usb/device/source/usb_device_dci.o
 .text.USB_DeviceNotification
                0x60008158       0xfe ./usb/device/source/usb_device_dci.o
 .text.USB_DeviceNotificationTrigger
                0x60008256       0x40 ./usb/device/source/usb_device_dci.o
                0x60008256                USB_DeviceNotificationTrigger
 .text.USB_DeviceInit
                0x60008296      0x16a ./usb/device/source/usb_device_dci.o
                0x60008296                USB_DeviceInit
 .text.USB_DeviceRun
                0x60008400       0x1c ./usb/device/source/usb_device_dci.o
                0x60008400                USB_DeviceRun
 .text.USB_DeviceDeinit
                0x6000841c       0x42 ./usb/device/source/usb_device_dci.o
                0x6000841c                USB_DeviceDeinit
 .text.USB_DeviceSendRequest
                0x6000845e       0x32 ./usb/device/source/usb_device_dci.o
                0x6000845e                USB_DeviceSendRequest
 .text.USB_DeviceRecvRequest
                0x60008490       0x2c ./usb/device/source/usb_device_dci.o
                0x60008490                USB_DeviceRecvRequest
 .text.USB_DeviceInitEndpoint
                0x600084bc       0xbe ./usb/device/source/usb_device_dci.o
                0x600084bc                USB_DeviceInitEndpoint
 .text.USB_DeviceDeinitEndpoint
                0x6000857a       0xb0 ./usb/device/source/usb_device_dci.o
                0x6000857a                USB_DeviceDeinitEndpoint
 .text.USB_DeviceStallEndpoint
                0x6000862a       0x30 ./usb/device/source/usb_device_dci.o
                0x6000862a                USB_DeviceStallEndpoint
 .text.USB_DeviceUnstallEndpoint
                0x6000865a       0x30 ./usb/device/source/usb_device_dci.o
                0x6000865a                USB_DeviceUnstallEndpoint
 .text.USB_DeviceAudioMIDIStreamingFreeHandle
                0x6000868a       0x36 ./usb/device/class/audio/usb_device_midi.o
 .text.USB_DeviceAudioMIDIStreamingInit
                0x600086c0       0x74 ./usb/device/class/audio/usb_device_midi.o
                0x600086c0                USB_DeviceAudioMIDIStreamingInit
 .text.USB_DeviceAudioMIDIStreamingDeinit
                0x60008734       0x34 ./usb/device/class/audio/usb_device_midi.o
                0x60008734                USB_DeviceAudioMIDIStreamingDeinit
 .text.USB_DeviceAudioMIDIStreamingOut
                0x60008768       0x4c ./usb/device/class/audio/usb_device_midi.o
                0x60008768                USB_DeviceAudioMIDIStreamingOut
 .text.USB_DeviceAudioMIDIStreamingIn
                0x600087b4       0x4c ./usb/device/class/audio/usb_device_midi.o
                0x600087b4                USB_DeviceAudioMIDIStreamingIn
 .text.USB_DeviceAudioMIDIStreamingEndpointsDeinit
                0x60008800       0x88 ./usb/device/class/audio/usb_device_midi.o
                0x60008800                USB_DeviceAudioMIDIStreamingEndpointsDeinit
 .text.USB_DeviceAudioMIDIStreamingRecv
                0x60008888       0x34 ./usb/device/class/audio/usb_device_midi.o
                0x60008888                USB_DeviceAudioMIDIStreamingRecv
 .text.USB_DeviceAudioMIDIStreamingSend
                0x600088bc       0x34 ./usb/device/class/audio/usb_device_midi.o
                0x600088bc                USB_DeviceAudioMIDIStreamingSend
 .text.USB_DeviceClassCallback
                0x600088f0       0x62 ./usb/device/class/usb_device_class.o
                0x600088f0                USB_DeviceClassCallback
 .text.USB_DeviceClassGetSpeed
                0x60008952       0x48 ./usb/device/class/usb_device_class.o
                0x60008952                USB_DeviceClassGetSpeed
 .text.DMA0_DMA16_IRQHandler
                0x6000899a        0x8 ./startup/startup_mimxrt1021.o
                0x6000899a                DMA0_DMA16_IRQHandler
 .text.DMA1_DMA17_IRQHandler
                0x600089a2        0x8 ./startup/startup_mimxrt1021.o
                0x600089a2                DMA1_DMA17_IRQHandler
 .text.DMA2_DMA18_IRQHandler
                0x600089aa        0x8 ./startup/startup_mimxrt1021.o
                0x600089aa                DMA2_DMA18_IRQHandler
 .text.DMA3_DMA19_IRQHandler
                0x600089b2        0x8 ./startup/startup_mimxrt1021.o
                0x600089b2                DMA3_DMA19_IRQHandler
 .text.DMA4_DMA20_IRQHandler
                0x600089ba        0x8 ./startup/startup_mimxrt1021.o
                0x600089ba                DMA4_DMA20_IRQHandler
 .text.DMA5_DMA21_IRQHandler
                0x600089c2        0x8 ./startup/startup_mimxrt1021.o
                0x600089c2                DMA5_DMA21_IRQHandler
 .text.DMA6_DMA22_IRQHandler
                0x600089ca        0x8 ./startup/startup_mimxrt1021.o
                0x600089ca                DMA6_DMA22_IRQHandler
 .text.DMA7_DMA23_IRQHandler
                0x600089d2        0x8 ./startup/startup_mimxrt1021.o
                0x600089d2                DMA7_DMA23_IRQHandler
 .text.DMA8_DMA24_IRQHandler
                0x600089da        0x8 ./startup/startup_mimxrt1021.o
                0x600089da                DMA8_DMA24_IRQHandler
 .text.DMA9_DMA25_IRQHandler
                0x600089e2        0x8 ./startup/startup_mimxrt1021.o
                0x600089e2                DMA9_DMA25_IRQHandler
 .text.DMA10_DMA26_IRQHandler
                0x600089ea        0x8 ./startup/startup_mimxrt1021.o
                0x600089ea                DMA10_DMA26_IRQHandler
 .text.DMA11_DMA27_IRQHandler
                0x600089f2        0x8 ./startup/startup_mimxrt1021.o
                0x600089f2                DMA11_DMA27_IRQHandler
 .text.DMA12_DMA28_IRQHandler
                0x600089fa        0x8 ./startup/startup_mimxrt1021.o
                0x600089fa                DMA12_DMA28_IRQHandler
 .text.DMA13_DMA29_IRQHandler
                0x60008a02        0x8 ./startup/startup_mimxrt1021.o
                0x60008a02                DMA13_DMA29_IRQHandler
 .text.DMA14_DMA30_IRQHandler
                0x60008a0a        0x8 ./startup/startup_mimxrt1021.o
                0x60008a0a                DMA14_DMA30_IRQHandler
 .text.DMA15_DMA31_IRQHandler
                0x60008a12        0x8 ./startup/startup_mimxrt1021.o
                0x60008a12                DMA15_DMA31_IRQHandler
 .text.DMA_ERROR_IRQHandler
                0x60008a1a        0x8 ./startup/startup_mimxrt1021.o
                0x60008a1a                DMA_ERROR_IRQHandler
 .text.CTI0_ERROR_IRQHandler
                0x60008a22        0x8 ./startup/startup_mimxrt1021.o
                0x60008a22                CTI0_ERROR_IRQHandler
 .text.CTI1_ERROR_IRQHandler
                0x60008a2a        0x8 ./startup/startup_mimxrt1021.o
                0x60008a2a                CTI1_ERROR_IRQHandler
 .text.CORE_IRQHandler
                0x60008a32        0x8 ./startup/startup_mimxrt1021.o
                0x60008a32                CORE_IRQHandler
 .text.LPUART1_IRQHandler
                0x60008a3a        0x8 ./startup/startup_mimxrt1021.o
                0x60008a3a                LPUART1_IRQHandler
 .text.LPUART2_IRQHandler
                0x60008a42        0x8 ./startup/startup_mimxrt1021.o
                0x60008a42                LPUART2_IRQHandler
 .text.LPUART3_IRQHandler
                0x60008a4a        0x8 ./startup/startup_mimxrt1021.o
                0x60008a4a                LPUART3_IRQHandler
 .text.LPUART4_IRQHandler
                0x60008a52        0x8 ./startup/startup_mimxrt1021.o
                0x60008a52                LPUART4_IRQHandler
 .text.LPUART5_IRQHandler
                0x60008a5a        0x8 ./startup/startup_mimxrt1021.o
                0x60008a5a                LPUART5_IRQHandler
 .text.LPUART6_IRQHandler
                0x60008a62        0x8 ./startup/startup_mimxrt1021.o
                0x60008a62                LPUART6_IRQHandler
 .text.LPUART7_IRQHandler
                0x60008a6a        0x8 ./startup/startup_mimxrt1021.o
                0x60008a6a                LPUART7_IRQHandler
 .text.LPUART8_IRQHandler
                0x60008a72        0x8 ./startup/startup_mimxrt1021.o
                0x60008a72                LPUART8_IRQHandler
 .text.LPI2C1_IRQHandler
                0x60008a7a        0x8 ./startup/startup_mimxrt1021.o
                0x60008a7a                LPI2C1_IRQHandler
 .text.LPI2C2_IRQHandler
                0x60008a82        0x8 ./startup/startup_mimxrt1021.o
                0x60008a82                LPI2C2_IRQHandler
 .text.LPI2C3_IRQHandler
                0x60008a8a        0x8 ./startup/startup_mimxrt1021.o
                0x60008a8a                LPI2C3_IRQHandler
 .text.LPI2C4_IRQHandler
                0x60008a92        0x8 ./startup/startup_mimxrt1021.o
                0x60008a92                LPI2C4_IRQHandler
 .text.LPSPI1_IRQHandler
                0x60008a9a        0x8 ./startup/startup_mimxrt1021.o
                0x60008a9a                LPSPI1_IRQHandler
 .text.LPSPI2_IRQHandler
                0x60008aa2        0x8 ./startup/startup_mimxrt1021.o
                0x60008aa2                LPSPI2_IRQHandler
 .text.LPSPI3_IRQHandler
                0x60008aaa        0x8 ./startup/startup_mimxrt1021.o
                0x60008aaa                LPSPI3_IRQHandler
 .text.LPSPI4_IRQHandler
                0x60008ab2        0x8 ./startup/startup_mimxrt1021.o
                0x60008ab2                LPSPI4_IRQHandler
 .text.CAN1_IRQHandler
                0x60008aba        0x8 ./startup/startup_mimxrt1021.o
                0x60008aba                CAN1_IRQHandler
 .text.CAN2_IRQHandler
                0x60008ac2        0x8 ./startup/startup_mimxrt1021.o
                0x60008ac2                CAN2_IRQHandler
 .text.FLEXRAM_IRQHandler
                0x60008aca        0x8 ./startup/startup_mimxrt1021.o
                0x60008aca                FLEXRAM_IRQHandler
 .text.KPP_IRQHandler
                0x60008ad2        0x8 ./startup/startup_mimxrt1021.o
                0x60008ad2                KPP_IRQHandler
 .text.Reserved56_IRQHandler
                0x60008ada        0x8 ./startup/startup_mimxrt1021.o
                0x60008ada                Reserved56_IRQHandler
 .text.GPR_IRQ_IRQHandler
                0x60008ae2        0x8 ./startup/startup_mimxrt1021.o
                0x60008ae2                GPR_IRQ_IRQHandler
 .text.Reserved58_IRQHandler
                0x60008aea        0x8 ./startup/startup_mimxrt1021.o
                0x60008aea                Reserved58_IRQHandler
 .text.Reserved59_IRQHandler
                0x60008af2        0x8 ./startup/startup_mimxrt1021.o
                0x60008af2                Reserved59_IRQHandler
 .text.Reserved60_IRQHandler
                0x60008afa        0x8 ./startup/startup_mimxrt1021.o
                0x60008afa                Reserved60_IRQHandler
 .text.WDOG2_IRQHandler
                0x60008b02        0x8 ./startup/startup_mimxrt1021.o
                0x60008b02                WDOG2_IRQHandler
 .text.SNVS_HP_WRAPPER_IRQHandler
                0x60008b0a        0x8 ./startup/startup_mimxrt1021.o
                0x60008b0a                SNVS_HP_WRAPPER_IRQHandler
 .text.SNVS_HP_WRAPPER_TZ_IRQHandler
                0x60008b12        0x8 ./startup/startup_mimxrt1021.o
                0x60008b12                SNVS_HP_WRAPPER_TZ_IRQHandler
 .text.SNVS_LP_WRAPPER_IRQHandler
                0x60008b1a        0x8 ./startup/startup_mimxrt1021.o
                0x60008b1a                SNVS_LP_WRAPPER_IRQHandler
 .text.CSU_IRQHandler
                0x60008b22        0x8 ./startup/startup_mimxrt1021.o
                0x60008b22                CSU_IRQHandler
 .text.DCP_IRQHandler
                0x60008b2a        0x8 ./startup/startup_mimxrt1021.o
                0x60008b2a                DCP_IRQHandler
 .text.DCP_VMI_IRQHandler
                0x60008b32        0x8 ./startup/startup_mimxrt1021.o
                0x60008b32                DCP_VMI_IRQHandler
 .text.Reserved68_IRQHandler
                0x60008b3a        0x8 ./startup/startup_mimxrt1021.o
                0x60008b3a                Reserved68_IRQHandler
 .text.TRNG_IRQHandler
                0x60008b42        0x8 ./startup/startup_mimxrt1021.o
                0x60008b42                TRNG_IRQHandler
 .text.Reserved70_IRQHandler
                0x60008b4a        0x8 ./startup/startup_mimxrt1021.o
                0x60008b4a                Reserved70_IRQHandler
 .text.BEE_IRQHandler
                0x60008b52        0x8 ./startup/startup_mimxrt1021.o
                0x60008b52                BEE_IRQHandler
 .text.SAI1_IRQHandler
                0x60008b5a        0x8 ./startup/startup_mimxrt1021.o
                0x60008b5a                SAI1_IRQHandler
 .text.SAI2_IRQHandler
                0x60008b62        0x8 ./startup/startup_mimxrt1021.o
                0x60008b62                SAI2_IRQHandler
 .text.SAI3_RX_IRQHandler
                0x60008b6a        0x8 ./startup/startup_mimxrt1021.o
                0x60008b6a                SAI3_RX_IRQHandler
 .text.SAI3_TX_IRQHandler
                0x60008b72        0x8 ./startup/startup_mimxrt1021.o
                0x60008b72                SAI3_TX_IRQHandler
 .text.SPDIF_IRQHandler
                0x60008b7a        0x8 ./startup/startup_mimxrt1021.o
                0x60008b7a                SPDIF_IRQHandler
 .text.PMU_IRQHandler
                0x60008b82        0x8 ./startup/startup_mimxrt1021.o
                0x60008b82                PMU_IRQHandler
 .text.Reserved78_IRQHandler
                0x60008b8a        0x8 ./startup/startup_mimxrt1021.o
                0x60008b8a                Reserved78_IRQHandler
 .text.TEMP_LOW_HIGH_IRQHandler
                0x60008b92        0x8 ./startup/startup_mimxrt1021.o
                0x60008b92                TEMP_LOW_HIGH_IRQHandler
 .text.TEMP_PANIC_IRQHandler
                0x60008b9a        0x8 ./startup/startup_mimxrt1021.o
                0x60008b9a                TEMP_PANIC_IRQHandler
 .text.USB_PHY_IRQHandler
                0x60008ba2        0x8 ./startup/startup_mimxrt1021.o
                0x60008ba2                USB_PHY_IRQHandler
 .text.Reserved82_IRQHandler
                0x60008baa        0x8 ./startup/startup_mimxrt1021.o
                0x60008baa                Reserved82_IRQHandler
 .text.ADC1_IRQHandler
                0x60008bb2        0x8 ./startup/startup_mimxrt1021.o
                0x60008bb2                ADC1_IRQHandler
 .text.ADC2_IRQHandler
                0x60008bba        0x8 ./startup/startup_mimxrt1021.o
                0x60008bba                ADC2_IRQHandler
 .text.DCDC_IRQHandler
                0x60008bc2        0x8 ./startup/startup_mimxrt1021.o
                0x60008bc2                DCDC_IRQHandler
 .text.Reserved86_IRQHandler
                0x60008bca        0x8 ./startup/startup_mimxrt1021.o
                0x60008bca                Reserved86_IRQHandler
 .text.Reserved87_IRQHandler
                0x60008bd2        0x8 ./startup/startup_mimxrt1021.o
                0x60008bd2                Reserved87_IRQHandler
 .text.GPIO1_INT0_IRQHandler
                0x60008bda        0x8 ./startup/startup_mimxrt1021.o
                0x60008bda                GPIO1_INT0_IRQHandler
 .text.GPIO1_INT1_IRQHandler
                0x60008be2        0x8 ./startup/startup_mimxrt1021.o
                0x60008be2                GPIO1_INT1_IRQHandler
 .text.GPIO1_INT2_IRQHandler
                0x60008bea        0x8 ./startup/startup_mimxrt1021.o
                0x60008bea                GPIO1_INT2_IRQHandler
 .text.GPIO1_INT3_IRQHandler
                0x60008bf2        0x8 ./startup/startup_mimxrt1021.o
                0x60008bf2                GPIO1_INT3_IRQHandler
 .text.GPIO1_INT4_IRQHandler
                0x60008bfa        0x8 ./startup/startup_mimxrt1021.o
                0x60008bfa                GPIO1_INT4_IRQHandler
 .text.GPIO1_INT5_IRQHandler
                0x60008c02        0x8 ./startup/startup_mimxrt1021.o
                0x60008c02                GPIO1_INT5_IRQHandler
 .text.GPIO1_INT6_IRQHandler
                0x60008c0a        0x8 ./startup/startup_mimxrt1021.o
                0x60008c0a                GPIO1_INT6_IRQHandler
 .text.GPIO1_INT7_IRQHandler
                0x60008c12        0x8 ./startup/startup_mimxrt1021.o
                0x60008c12                GPIO1_INT7_IRQHandler
 .text.GPIO1_Combined_0_15_IRQHandler
                0x60008c1a        0x8 ./startup/startup_mimxrt1021.o
                0x60008c1a                GPIO1_Combined_0_15_IRQHandler
 .text.GPIO1_Combined_16_31_IRQHandler
                0x60008c22        0x8 ./startup/startup_mimxrt1021.o
                0x60008c22                GPIO1_Combined_16_31_IRQHandler
 .text.GPIO2_Combined_0_15_IRQHandler
                0x60008c2a        0x8 ./startup/startup_mimxrt1021.o
                0x60008c2a                GPIO2_Combined_0_15_IRQHandler
 .text.GPIO2_Combined_16_31_IRQHandler
                0x60008c32        0x8 ./startup/startup_mimxrt1021.o
                0x60008c32                GPIO2_Combined_16_31_IRQHandler
 .text.GPIO3_Combined_0_15_IRQHandler
                0x60008c3a        0x8 ./startup/startup_mimxrt1021.o
                0x60008c3a                GPIO3_Combined_0_15_IRQHandler
 .text.GPIO3_Combined_16_31_IRQHandler
                0x60008c42        0x8 ./startup/startup_mimxrt1021.o
                0x60008c42                GPIO3_Combined_16_31_IRQHandler
 .text.Reserved102_IRQHandler
                0x60008c4a        0x8 ./startup/startup_mimxrt1021.o
                0x60008c4a                Reserved102_IRQHandler
 .text.Reserved103_IRQHandler
                0x60008c52        0x8 ./startup/startup_mimxrt1021.o
                0x60008c52                Reserved103_IRQHandler
 .text.GPIO5_Combined_0_15_IRQHandler
                0x60008c5a        0x8 ./startup/startup_mimxrt1021.o
                0x60008c5a                GPIO5_Combined_0_15_IRQHandler
 .text.GPIO5_Combined_16_31_IRQHandler
                0x60008c62        0x8 ./startup/startup_mimxrt1021.o
                0x60008c62                GPIO5_Combined_16_31_IRQHandler
 .text.FLEXIO1_IRQHandler
                0x60008c6a        0x8 ./startup/startup_mimxrt1021.o
                0x60008c6a                FLEXIO1_IRQHandler
 .text.Reserved107_IRQHandler
                0x60008c72        0x8 ./startup/startup_mimxrt1021.o
                0x60008c72                Reserved107_IRQHandler
 .text.WDOG1_IRQHandler
                0x60008c7a        0x8 ./startup/startup_mimxrt1021.o
                0x60008c7a                WDOG1_IRQHandler
 .text.RTWDOG_IRQHandler
                0x60008c82        0x8 ./startup/startup_mimxrt1021.o
                0x60008c82                RTWDOG_IRQHandler
 .text.EWM_IRQHandler
                0x60008c8a        0x8 ./startup/startup_mimxrt1021.o
                0x60008c8a                EWM_IRQHandler
 .text.CCM_1_IRQHandler
                0x60008c92        0x8 ./startup/startup_mimxrt1021.o
                0x60008c92                CCM_1_IRQHandler
 .text.CCM_2_IRQHandler
                0x60008c9a        0x8 ./startup/startup_mimxrt1021.o
                0x60008c9a                CCM_2_IRQHandler
 .text.GPC_IRQHandler
                0x60008ca2        0x8 ./startup/startup_mimxrt1021.o
                0x60008ca2                GPC_IRQHandler
 .text.SRC_IRQHandler
                0x60008caa        0x8 ./startup/startup_mimxrt1021.o
                0x60008caa                SRC_IRQHandler
 .text.Reserved115_IRQHandler
                0x60008cb2        0x8 ./startup/startup_mimxrt1021.o
                0x60008cb2                Reserved115_IRQHandler
 .text.GPT1_IRQHandler
                0x60008cba        0x8 ./startup/startup_mimxrt1021.o
                0x60008cba                GPT1_IRQHandler
 .text.GPT2_IRQHandler
                0x60008cc2        0x8 ./startup/startup_mimxrt1021.o
                0x60008cc2                GPT2_IRQHandler
 .text.PWM1_0_IRQHandler
                0x60008cca        0x8 ./startup/startup_mimxrt1021.o
                0x60008cca                PWM1_0_IRQHandler
 .text.PWM1_1_IRQHandler
                0x60008cd2        0x8 ./startup/startup_mimxrt1021.o
                0x60008cd2                PWM1_1_IRQHandler
 .text.PWM1_2_IRQHandler
                0x60008cda        0x8 ./startup/startup_mimxrt1021.o
                0x60008cda                PWM1_2_IRQHandler
 .text.PWM1_3_IRQHandler
                0x60008ce2        0x8 ./startup/startup_mimxrt1021.o
                0x60008ce2                PWM1_3_IRQHandler
 .text.PWM1_FAULT_IRQHandler
                0x60008cea        0x8 ./startup/startup_mimxrt1021.o
                0x60008cea                PWM1_FAULT_IRQHandler
 .text.Reserved123_IRQHandler
                0x60008cf2        0x8 ./startup/startup_mimxrt1021.o
                0x60008cf2                Reserved123_IRQHandler
 .text.FLEXSPI_IRQHandler
                0x60008cfa        0x8 ./startup/startup_mimxrt1021.o
                0x60008cfa                FLEXSPI_IRQHandler
 .text.SEMC_IRQHandler
                0x60008d02        0x8 ./startup/startup_mimxrt1021.o
                0x60008d02                SEMC_IRQHandler
 .text.USDHC1_IRQHandler
                0x60008d0a        0x8 ./startup/startup_mimxrt1021.o
                0x60008d0a                USDHC1_IRQHandler
 .text.USDHC2_IRQHandler
                0x60008d12        0x8 ./startup/startup_mimxrt1021.o
                0x60008d12                USDHC2_IRQHandler
 .text.Reserved128_IRQHandler
                0x60008d1a        0x8 ./startup/startup_mimxrt1021.o
                0x60008d1a                Reserved128_IRQHandler
 .text.ENET_IRQHandler
                0x60008d22        0x8 ./startup/startup_mimxrt1021.o
                0x60008d22                ENET_IRQHandler
 .text.ENET_1588_Timer_IRQHandler
                0x60008d2a        0x8 ./startup/startup_mimxrt1021.o
                0x60008d2a                ENET_1588_Timer_IRQHandler
 .text.XBAR1_IRQ_0_1_IRQHandler
                0x60008d32        0x8 ./startup/startup_mimxrt1021.o
                0x60008d32                XBAR1_IRQ_0_1_IRQHandler
 .text.XBAR1_IRQ_2_3_IRQHandler
                0x60008d3a        0x8 ./startup/startup_mimxrt1021.o
                0x60008d3a                XBAR1_IRQ_2_3_IRQHandler
 .text.ADC_ETC_IRQ0_IRQHandler
                0x60008d42        0x8 ./startup/startup_mimxrt1021.o
                0x60008d42                ADC_ETC_IRQ0_IRQHandler
 .text.ADC_ETC_IRQ1_IRQHandler
                0x60008d4a        0x8 ./startup/startup_mimxrt1021.o
                0x60008d4a                ADC_ETC_IRQ1_IRQHandler
 .text.ADC_ETC_IRQ2_IRQHandler
                0x60008d52        0x8 ./startup/startup_mimxrt1021.o
                0x60008d52                ADC_ETC_IRQ2_IRQHandler
 .text.ADC_ETC_ERROR_IRQ_IRQHandler
                0x60008d5a        0x8 ./startup/startup_mimxrt1021.o
                0x60008d5a                ADC_ETC_ERROR_IRQ_IRQHandler
 .text.PIT_IRQHandler
                0x60008d62        0x8 ./startup/startup_mimxrt1021.o
                0x60008d62                PIT_IRQHandler
 .text.ACMP1_IRQHandler
                0x60008d6a        0x8 ./startup/startup_mimxrt1021.o
                0x60008d6a                ACMP1_IRQHandler
 .text.ACMP2_IRQHandler
                0x60008d72        0x8 ./startup/startup_mimxrt1021.o
                0x60008d72                ACMP2_IRQHandler
 .text.ACMP3_IRQHandler
                0x60008d7a        0x8 ./startup/startup_mimxrt1021.o
                0x60008d7a                ACMP3_IRQHandler
 .text.ACMP4_IRQHandler
                0x60008d82        0x8 ./startup/startup_mimxrt1021.o
                0x60008d82                ACMP4_IRQHandler
 .text.Reserved143_IRQHandler
                0x60008d8a        0x8 ./startup/startup_mimxrt1021.o
                0x60008d8a                Reserved143_IRQHandler
 .text.Reserved144_IRQHandler
                0x60008d92        0x8 ./startup/startup_mimxrt1021.o
                0x60008d92                Reserved144_IRQHandler
 .text.ENC1_IRQHandler
                0x60008d9a        0x8 ./startup/startup_mimxrt1021.o
                0x60008d9a                ENC1_IRQHandler
 .text.ENC2_IRQHandler
                0x60008da2        0x8 ./startup/startup_mimxrt1021.o
                0x60008da2                ENC2_IRQHandler
 .text.Reserved147_IRQHandler
                0x60008daa        0x8 ./startup/startup_mimxrt1021.o
                0x60008daa                Reserved147_IRQHandler
 .text.Reserved148_IRQHandler
                0x60008db2        0x8 ./startup/startup_mimxrt1021.o
                0x60008db2                Reserved148_IRQHandler
 .text.TMR1_IRQHandler
                0x60008dba        0x8 ./startup/startup_mimxrt1021.o
                0x60008dba                TMR1_IRQHandler
 .text.TMR2_IRQHandler
                0x60008dc2        0x8 ./startup/startup_mimxrt1021.o
                0x60008dc2                TMR2_IRQHandler
 .text.Reserved151_IRQHandler
                0x60008dca        0x8 ./startup/startup_mimxrt1021.o
                0x60008dca                Reserved151_IRQHandler
 .text.Reserved152_IRQHandler
                0x60008dd2        0x8 ./startup/startup_mimxrt1021.o
                0x60008dd2                Reserved152_IRQHandler
 .text.PWM2_0_IRQHandler
                0x60008dda        0x8 ./startup/startup_mimxrt1021.o
                0x60008dda                PWM2_0_IRQHandler
 .text.PWM2_1_IRQHandler
                0x60008de2        0x8 ./startup/startup_mimxrt1021.o
                0x60008de2                PWM2_1_IRQHandler
 .text.PWM2_2_IRQHandler
                0x60008dea        0x8 ./startup/startup_mimxrt1021.o
                0x60008dea                PWM2_2_IRQHandler
 .text.PWM2_3_IRQHandler
                0x60008df2        0x8 ./startup/startup_mimxrt1021.o
                0x60008df2                PWM2_3_IRQHandler
 .text.PWM2_FAULT_IRQHandler
                0x60008dfa        0x8 ./startup/startup_mimxrt1021.o
                0x60008dfa                PWM2_FAULT_IRQHandler
 .text.EnableIRQ
                0x60008e02       0x2c ./source/audio_generator.o
 .text.USB_DeviceIsrEnable
                0x60008e2e       0x2c ./source/audio_generator.o
                0x60008e2e                USB_DeviceIsrEnable
 .text.USB_DeviceAudioRequest
                0x60008e5a       0x22 ./source/audio_generator.o
                0x60008e5a                USB_DeviceAudioRequest
 .text.main     0x60008e7c       0x1a ./source/audio_generator.o
                0x60008e7c                main
 .text.HardFault_Handler
                0x60008e96       0x2c ./source/semihost_hardfault.o
                0x60008e96                HardFault_Handler
 .text.CLOCK_IsPllBypassed
                0x60008ec2       0x32 ./drivers/fsl_clock.o
 .text.CLOCK_IsPllEnabled
                0x60008ef4       0x3c ./drivers/fsl_clock.o
 .text.CLOCK_GetPllBypassRefClk
                0x60008f30       0x34 ./drivers/fsl_clock.o
 .text.CLOCK_EnableClock
                0x60008f64       0x1e ./drivers/fsl_lpuart.o
 .text.LPUART_SoftwareReset
                0x60008f82       0x2c ./drivers/fsl_lpuart.o
 .text.SystemInitHook
                0x60008fae        0xe ./device/system_MIMXRT1021.o
                0x60008fae                SystemInitHook
 .text.HAL_UartGetStatus
                0x60008fbc       0x22 ./component/uart/lpuart_adapter.o
 .text.DisableGlobalIRQ
                0x60008fde       0x20 ./component/serial_manager/serial_manager.o
 .text.EnableGlobalIRQ
                0x60008ffe       0x1e ./component/serial_manager/serial_manager.o
 .text.SerialManager_StartWriting
                0x6000901c       0x4a ./component/serial_manager/serial_manager.o
 .text.SerialManager_WriteBlocking
                0x60009066       0x20 ./component/serial_manager/serial_manager.o
                0x60009066                SerialManager_WriteBlocking
 .text.DisableGlobalIRQ
                0x60009086       0x20 ./component/osa/fsl_os_abstraction_bm.o
 .text.EnableGlobalIRQ
                0x600090a6       0x1e ./component/osa/fsl_os_abstraction_bm.o
 .text.OSA_EnterCritical
                0x600090c4       0x1a ./component/osa/fsl_os_abstraction_bm.o
                0x600090c4                OSA_EnterCritical
 .text.OSA_ExitCritical
                0x600090de       0x16 ./component/osa/fsl_os_abstraction_bm.o
                0x600090de                OSA_ExitCritical
 .text.BOARD_InitDebugConsole
                0x600090f4       0x22 ./board/board.o
                0x600090f4                BOARD_InitDebugConsole
 .text.CLOCK_DisableClock
                0x60009116       0x1e ./board/clock_config.o
 .text.CLOCK_SetPllBypass
                0x60009134       0x4e ./board/clock_config.o
 .text.IOMUXC_SetSaiMClkClockSource
                0x60009182       0x6c ./board/clock_config.o
 .text.CLOCK_EnableClock
                0x600091ee       0x1e ./board/pin_mux.o
 .text.IOMUXC_SetPinMux
                0x6000920c       0x3a ./board/pin_mux.o
 .text.IOMUXC_SetPinConfig
                0x60009246       0x26 ./board/pin_mux.o
 .text.__main   0x6000926c        0xe c:/nxp/mcuxpressoide_11.1.0_3209/ide/plugins/com.nxp.mcuxpresso.tools.win32_11.1.0.201909161352/tools/bin/../lib/gcc/arm-none-eabi/8.3.1/../../../../arm-none-eabi/lib/thumb/v7e-m+dp/hard\libcr_nohost_nf.a(_cr__main.o)
                0x6000926c                __main
 .text.memset   0x6000927a        0x4 c:/nxp/mcuxpressoide_11.1.0_3209/ide/plugins/com.nxp.mcuxpresso.tools.win32_11.1.0.201909161352/tools/bin/../lib/gcc/arm-none-eabi/8.3.1/../../../../arm-none-eabi/lib/thumb/v7e-m+dp/hard\libcr_c.a(memset.o)
                0x6000927a                memset
 .text.free     0x6000927e       0x30 c:/nxp/mcuxpressoide_11.1.0_3209/ide/plugins/com.nxp.mcuxpresso.tools.win32_11.1.0.201909161352/tools/bin/../lib/gcc/arm-none-eabi/8.3.1/../../../../arm-none-eabi/lib/thumb/v7e-m+dp/hard\libcr_c.a(alloc.o)
                0x6000927e                free
 .text.strlen   0x600092ae       0x4c c:/nxp/mcuxpressoide_11.1.0_3209/ide/plugins/com.nxp.mcuxpresso.tools.win32_11.1.0.201909161352/tools/bin/../lib/gcc/arm-none-eabi/8.3.1/../../../../arm-none-eabi/lib/thumb/v7e-m+dp/hard\libcr_c.a(strlen.o)
                0x600092ae                strlen
 .text._fdopen  0x600092fa       0x68 c:/nxp/mcuxpressoide_11.1.0_3209/ide/plugins/com.nxp.mcuxpresso.tools.win32_11.1.0.201909161352/tools/bin/../lib/gcc/arm-none-eabi/8.3.1/../../../../arm-none-eabi/lib/thumb/v7e-m+dp/hard\libcr_c.a(_fdopen.o)
                0x600092fa                _fdopen
 .text.fclose   0x60009362       0x58 c:/nxp/mcuxpressoide_11.1.0_3209/ide/plugins/com.nxp.mcuxpresso.tools.win32_11.1.0.201909161352/tools/bin/../lib/gcc/arm-none-eabi/8.3.1/../../../../arm-none-eabi/lib/thumb/v7e-m+dp/hard\libcr_c.a(fclose.o)
                0x60009362                fclose
 .text.remove   0x600093ba       0x14 c:/nxp/mcuxpressoide_11.1.0_3209/ide/plugins/com.nxp.mcuxpresso.tools.win32_11.1.0.201909161352/tools/bin/../lib/gcc/arm-none-eabi/8.3.1/../../../../arm-none-eabi/lib/thumb/v7e-m+dp/hard\libcr_c.a(remove.o)
                0x600093ba                remove
 .text._do_fflush
                0x600093ce       0x40 c:/nxp/mcuxpressoide_11.1.0_3209/ide/plugins/com.nxp.mcuxpresso.tools.win32_11.1.0.201909161352/tools/bin/../lib/gcc/arm-none-eabi/8.3.1/../../../../arm-none-eabi/lib/thumb/v7e-m+dp/hard\libcr_c.a(_do_fflush.o)
                0x600093ce                _do_fflush
 .text._fflush  0x6000940e       0x52 c:/nxp/mcuxpressoide_11.1.0_3209/ide/plugins/com.nxp.mcuxpresso.tools.win32_11.1.0.201909161352/tools/bin/../lib/gcc/arm-none-eabi/8.3.1/../../../../arm-none-eabi/lib/thumb/v7e-m+dp/hard\libcr_c.a(_fflush.o)
                0x6000940e                _fflush
 .text._deferredlazyseek
                0x60009460       0x40 c:/nxp/mcuxpressoide_11.1.0_3209/ide/plugins/com.nxp.mcuxpresso.tools.win32_11.1.0.201909161352/tools/bin/../lib/gcc/arm-none-eabi/8.3.1/../../../../arm-none-eabi/lib/thumb/v7e-m+dp/hard\libcr_c.a(_deferredlazyseek.o)
                0x60009460                _deferredlazyseek
 .text.__aeabi_memset_lowlevel
                0x600094a0       0x32 c:/nxp/mcuxpressoide_11.1.0_3209/ide/plugins/com.nxp.mcuxpresso.tools.win32_11.1.0.201909161352/tools/bin/../lib/gcc/arm-none-eabi/8.3.1/thumb/v7e-m+dp/hard\libcr_eabihelpers.a(memcpy.o)
                0x600094a0                __aeabi_lowlevel_memset
 .text.__sys_close
                0x600094d2        0x6 c:/nxp/mcuxpressoide_11.1.0_3209/ide/plugins/com.nxp.mcuxpresso.tools.win32_11.1.0.201909161352/tools/bin/../lib/gcc/arm-none-eabi/8.3.1/../../../../arm-none-eabi/lib/thumb/v7e-m+dp/hard\libcr_nohost_nf.a(__sys_close.o)
                0x600094d2                __sys_close
 .text.__sys_flen
                0x600094d8        0x6 c:/nxp/mcuxpressoide_11.1.0_3209/ide/plugins/com.nxp.mcuxpresso.tools.win32_11.1.0.201909161352/tools/bin/../lib/gcc/arm-none-eabi/8.3.1/../../../../arm-none-eabi/lib/thumb/v7e-m+dp/hard\libcr_nohost_nf.a(__sys_flen.o)
                0x600094d8                __sys_flen
 .text.__sys_istty
                0x600094de        0x6 c:/nxp/mcuxpressoide_11.1.0_3209/ide/plugins/com.nxp.mcuxpresso.tools.win32_11.1.0.201909161352/tools/bin/../lib/gcc/arm-none-eabi/8.3.1/../../../../arm-none-eabi/lib/thumb/v7e-m+dp/hard\libcr_nohost_nf.a(__sys_istty.o)
                0x600094de                __sys_istty
 .text.__sys_remove
                0x600094e4        0x6 c:/nxp/mcuxpressoide_11.1.0_3209/ide/plugins/com.nxp.mcuxpresso.tools.win32_11.1.0.201909161352/tools/bin/../lib/gcc/arm-none-eabi/8.3.1/../../../../arm-none-eabi/lib/thumb/v7e-m+dp/hard\libcr_nohost_nf.a(__sys_remove.o)
                0x600094e4                __sys_remove
 .text.__sys_seek
                0x600094ea        0x6 c:/nxp/mcuxpressoide_11.1.0_3209/ide/plugins/com.nxp.mcuxpresso.tools.win32_11.1.0.201909161352/tools/bin/../lib/gcc/arm-none-eabi/8.3.1/../../../../arm-none-eabi/lib/thumb/v7e-m+dp/hard\libcr_nohost_nf.a(__sys_seek.o)
                0x600094ea                __sys_seek
 .text.__sys_tmpnam
                0x600094f0        0x6 c:/nxp/mcuxpressoide_11.1.0_3209/ide/plugins/com.nxp.mcuxpresso.tools.win32_11.1.0.201909161352/tools/bin/../lib/gcc/arm-none-eabi/8.3.1/../../../../arm-none-eabi/lib/thumb/v7e-m+dp/hard\libcr_nohost_nf.a(__sys_tmpnam.o)
                0x600094f0                __sys_tmpnam
 .text.__sys_write
                0x600094f6        0x4 c:/nxp/mcuxpressoide_11.1.0_3209/ide/plugins/com.nxp.mcuxpresso.tools.win32_11.1.0.201909161352/tools/bin/../lib/gcc/arm-none-eabi/8.3.1/../../../../arm-none-eabi/lib/thumb/v7e-m+dp/hard\libcr_nohost_nf.a(__sys_write.o)
                0x600094f6                __sys_write
 *(SORT_BY_ALIGNMENT(.rodata) SORT_BY_ALIGNMENT(.rodata.*) SORT_BY_ALIGNMENT(.constdata) SORT_BY_ALIGNMENT(.constdata.*))
 *fill*         0x600094fa        0x2 ff
 .rodata.__assertion_failed.str1.4
                0x600094fc       0x14 ./utilities/fsl_assert.o
 .rodata.DbgConsole_SendDataReliable.str1.4
                0x60009510       0x4d ./utilities/fsl_debug_console.o
 *fill*         0x6000955d        0x3 ff
 .rodata.DbgConsole_Init.str1.4
                0x60009560       0xcb ./utilities/fsl_debug_console.o
 *fill*         0x6000962b        0x1 ff
 .rodata.s_UsbDeviceStandardRequest
                0x6000962c       0x34 ./usb/device/source/usb_device_ch9.o
 .rodata.s_UsbDeviceEhciInterface
                0x60009660       0x18 ./usb/device/source/usb_device_dci.o
 .rodata.s_UsbDeviceClassInterfaceMap
                0x60009678       0x20 ./usb/device/class/usb_device_class.o
 .rodata        0x60009698        0x3 ./source/audio_generator.o
 *fill*         0x6000969b        0x1 ff
 .rodata.APPInit.str1.4
                0x6000969c       0x36 ./source/audio_generator.o
 *fill*         0x600096d2        0x2 ff
 .rodata.CLOCK_InitExternalClk.str1.4
                0x600096d4       0x22 ./drivers/fsl_clock.o
 *fill*         0x600096f6        0x2 ff
 .rodata.CLOCK_GetPllFreq.str1.4
                0x600096f8       0x35 ./drivers/fsl_clock.o
 *fill*         0x6000972d        0x3 ff
 .rodata        0x60009730       0x10 ./drivers/fsl_clock.o
 .rodata.CLOCK_ControlGate.str1.4
                0x60009740       0x20 ./drivers/fsl_lpuart.o
 .rodata.s_lpuartBases
                0x60009760       0x24 ./drivers/fsl_lpuart.o
 .rodata.s_lpuartClock
                0x60009784       0x12 ./drivers/fsl_lpuart.o
 *fill*         0x60009796        0x2 ff
 .rodata.LPUART_GetInstance.str1.4
                0x60009798       0x39 ./drivers/fsl_lpuart.o
 *fill*         0x600097d1        0x3 ff
 .rodata.LPUART_Init.str1.4
                0x600097d4      0x10c ./drivers/fsl_lpuart.o
 .rodata.LPUART_GetDefaultConfig.str1.4
                0x600098e0       0x23 ./drivers/fsl_lpuart.o
 *fill*         0x60009903        0x1 ff
 .rodata.LPUART_WriteBlocking.str1.4
                0x60009904       0x21 ./drivers/fsl_lpuart.o
 *fill*         0x60009925        0x3 ff
 .rodata.s_LpuartAdapterBase
                0x60009928       0x24 ./component/uart/lpuart_adapter.o
 .rodata.HAL_UartInit.str1.4
                0x6000994c       0xe2 ./component/uart/lpuart_adapter.o
 *fill*         0x60009a2e        0x2 ff
 .rodata.HAL_UartSendBlocking.str1.4
                0x60009a30       0x5f ./component/uart/lpuart_adapter.o
 *fill*         0x60009a8f        0x1 ff
 .rodata.SerialManager_Write.str1.4
                0x60009a90       0x83 ./component/serial_manager/serial_manager.o
 *fill*         0x60009b13        0x1 ff
 .rodata.SerialManager_Init.str1.4
                0x60009b14       0x45 ./component/serial_manager/serial_manager.o
 *fill*         0x60009b59        0x3 ff
 .rodata.SerialManager_OpenWriteHandle.str1.4
                0x60009b5c       0x4d ./component/serial_manager/serial_manager.o
 *fill*         0x60009ba9        0x3 ff
 .rodata.SerialManager_OpenReadHandle.str1.4
                0x60009bac       0x4c ./component/serial_manager/serial_manager.o
 .rodata.Serial_UartInit.str1.4
                0x60009bf8       0x4f ./component/serial_manager/serial_port_uart.o
 *fill*         0x60009c47        0x1 ff
 .rodata.Serial_UartWrite.str1.4
                0x60009c48       0x6d ./component/serial_manager/serial_port_uart.o
 *fill*         0x60009cb5        0x3 ff
 .rodata.BOARD_ConfigMPU.str1.4
                0x60009cb8       0x6a ./board/board.o
 *fill*         0x60009d22        0x2 ff
 .rodata.CLOCK_SetMux.str1.4
                0x60009d24       0x9c ./board/clock_config.o
 .rodata.CLOCK_SetDiv.str1.4
                0x60009dc0       0x9c ./board/clock_config.o
 .rodata.CLOCK_ControlGate.str1.4
                0x60009e5c       0x8c ./board/clock_config.o
                                 0x8b (size before relaxing)
 .rodata.sysPllConfig_BOARD_BootClockRUN
                0x60009ee8       0x14 ./board/clock_config.o
                0x60009ee8                sysPllConfig_BOARD_BootClockRUN
 .rodata.enetPllConfig_BOARD_BootClockRUN
                0x60009efc        0x5 ./board/clock_config.o
                0x60009efc                enetPllConfig_BOARD_BootClockRUN
 .rodata.CLOCK_ControlGate.str1.4
                0x60009f01       0x8b ./board/pin_mux.o
 *fill*         0x60009f01        0x3 ff
 .rodata.__num_Ciob_streams
                0x60009f04        0x4 c:/nxp/mcuxpressoide_11.1.0_3209/ide/plugins/com.nxp.mcuxpresso.tools.win32_11.1.0.201909161352/tools/bin/../lib/gcc/arm-none-eabi/8.3.1/../../../../arm-none-eabi/lib/thumb/v7e-m+dp/hard\libcr_nohost_nf.a(__ciob.o)
                0x60009f04                __num_Ciob_streams
 .rodata._initio.str1.1
                0x60009f08        0x4 c:/nxp/mcuxpressoide_11.1.0_3209/ide/plugins/com.nxp.mcuxpresso.tools.win32_11.1.0.201909161352/tools/bin/../lib/gcc/arm-none-eabi/8.3.1/../../../../arm-none-eabi/lib/thumb/v7e-m+dp/hard\libcr_c.a(initio.o)
                0x60009f0c                . = ALIGN (0x4)

.glue_7         0x60009f0c        0x0
 .glue_7        0x60009f0c        0x0 linker stubs

.glue_7t        0x60009f0c        0x0
 .glue_7t       0x60009f0c        0x0 linker stubs

.vfp11_veneer   0x60009f0c        0x0
 .vfp11_veneer  0x60009f0c        0x0 linker stubs

.v4_bx          0x60009f0c        0x0
 .v4_bx         0x60009f0c        0x0 linker stubs

.iplt           0x60009f0c        0x0
 .iplt          0x60009f0c        0x0 ./xip/evkmimxrt1020_flexspi_nor_config.o

.rel.dyn        0x60009f0c        0x0
 .rel.iplt      0x60009f0c        0x0 ./xip/evkmimxrt1020_flexspi_nor_config.o

.ARM.extab
 *(SORT_BY_ALIGNMENT(.ARM.extab*) SORT_BY_ALIGNMENT(.gnu.linkonce.armextab.*))
                0x60009f0c                __exidx_start = .

.ARM.exidx
 *(SORT_BY_ALIGNMENT(.ARM.exidx*) SORT_BY_ALIGNMENT(.gnu.linkonce.armexidx.*))
                0x60009f0c                __exidx_end = .
                0x60009f0c                _etext = .

.data_RAM2      0x00000000        0x0 load address 0x60009f0c
 FILL mask 0xff
                [!provide]                PROVIDE (__start_data_RAM2 = .)
                [!provide]                PROVIDE (__start_data_SRAM_ITC = .)
 *(SORT_BY_ALIGNMENT(.ramfunc.$RAM2))
 *(SORT_BY_ALIGNMENT(.ramfunc.$SRAM_ITC))
 *(SORT_BY_ALIGNMENT(.data.$RAM2))
 *(SORT_BY_ALIGNMENT(.data.$SRAM_ITC))
 *(SORT_BY_ALIGNMENT(.data.$RAM2.*))
 *(SORT_BY_ALIGNMENT(.data.$SRAM_ITC.*))
                0x00000000                . = ALIGN (0x4)
                [!provide]                PROVIDE (__end_data_RAM2 = .)
                [!provide]                PROVIDE (__end_data_SRAM_ITC = .)

.data_RAM3      0x20200000        0x0 load address 0x60009f0c
 FILL mask 0xff
                [!provide]                PROVIDE (__start_data_RAM3 = .)
                [!provide]                PROVIDE (__start_data_SRAM_OC = .)
 *(SORT_BY_ALIGNMENT(.ramfunc.$RAM3))
 *(SORT_BY_ALIGNMENT(.ramfunc.$SRAM_OC))
 *(SORT_BY_ALIGNMENT(.data.$RAM3))
 *(SORT_BY_ALIGNMENT(.data.$SRAM_OC))
 *(SORT_BY_ALIGNMENT(.data.$RAM3.*))
 *(SORT_BY_ALIGNMENT(.data.$SRAM_OC.*))
                0x20200000                . = ALIGN (0x4)
                [!provide]                PROVIDE (__end_data_RAM3 = .)
                [!provide]                PROVIDE (__end_data_SRAM_OC = .)

.data_RAM4      0x80000000        0x0 load address 0x60009f0c
 FILL mask 0xff
                [!provide]                PROVIDE (__start_data_RAM4 = .)
                [!provide]                PROVIDE (__start_data_BOARD_SDRAM = .)
 *(SORT_BY_ALIGNMENT(.ramfunc.$RAM4))
 *(SORT_BY_ALIGNMENT(.ramfunc.$BOARD_SDRAM))
 *(SORT_BY_ALIGNMENT(.data.$RAM4))
 *(SORT_BY_ALIGNMENT(.data.$BOARD_SDRAM))
 *(SORT_BY_ALIGNMENT(.data.$RAM4.*))
 *(SORT_BY_ALIGNMENT(.data.$BOARD_SDRAM.*))
                0x80000000                . = ALIGN (0x4)
                [!provide]                PROVIDE (__end_data_RAM4 = .)
                [!provide]                PROVIDE (__end_data_BOARD_SDRAM = .)

.data_RAM5      0x81e00000        0x0 load address 0x60009f0c
 FILL mask 0xff
                [!provide]                PROVIDE (__start_data_RAM5 = .)
                [!provide]                PROVIDE (__start_data_NCACHE_REGION = .)
 *(SORT_BY_ALIGNMENT(.ramfunc.$RAM5))
 *(SORT_BY_ALIGNMENT(.ramfunc.$NCACHE_REGION))
 *(SORT_BY_ALIGNMENT(.data.$RAM5))
 *(SORT_BY_ALIGNMENT(.data.$NCACHE_REGION))
 *(SORT_BY_ALIGNMENT(.data.$RAM5.*))
 *(SORT_BY_ALIGNMENT(.data.$NCACHE_REGION.*))
                0x81e00000                . = ALIGN (0x4)
                [!provide]                PROVIDE (__end_data_RAM5 = .)
                [!provide]                PROVIDE (__end_data_NCACHE_REGION = .)

.uninit_RESERVED
                0x20000000        0x0
                0x20000000                _start_uninit_RESERVED = .
 *(SORT_BY_ALIGNMENT(.bss.$RESERVED*))
                0x20000000                . = ALIGN (0x4)
                0x20000000                _end_uninit_RESERVED = .

.data           0x20000000      0x174 load address 0x60009f0c
 FILL mask 0xff
                0x20000000                _data = .
                [!provide]                PROVIDE (__start_data_RAM = .)
                [!provide]                PROVIDE (__start_data_SRAM_DTC = .)
 *(SORT_BY_ALIGNMENT(vtable))
 *(SORT_BY_ALIGNMENT(.ramfunc*))
 *(SORT_BY_ALIGNMENT(CodeQuickAccess))
 *(SORT_BY_ALIGNMENT(DataQuickAccess))
 *(SORT_BY_ALIGNMENT(RamFunction))
 *(SORT_BY_ALIGNMENT(NonCacheable.init))
 *(SORT_BY_ALIGNMENT(.data*))
 .data.s_audioConfig
                0x20000000        0xc ./source/audio_generator.o
 .data.s_audioConfigList
                0x2000000c        0xc ./source/audio_generator.o
 .data.g_UsbDeviceAudioControlEndpoints
                0x20000018        0x6 ./source/usb_device_descriptor.o
                0x20000018                g_UsbDeviceAudioControlEndpoints
 *fill*         0x2000001e        0x2 ff
 .data.g_UsbDeviceAudioMIDI_STEREAM_Endpoints
                0x20000020        0xc ./source/usb_device_descriptor.o
                0x20000020                g_UsbDeviceAudioMIDI_STEREAM_Endpoints
 .data.g_UsbDeviceAudioControInterface
                0x2000002c       0x10 ./source/usb_device_descriptor.o
                0x2000002c                g_UsbDeviceAudioControInterface
 .data.g_UsbDeviceAudioMIDIStreamingInterface
                0x2000003c       0x10 ./source/usb_device_descriptor.o
                0x2000003c                g_UsbDeviceAudioMIDIStreamingInterface
 .data.g_UsbDeviceAudioInterfaces
                0x2000004c       0x18 ./source/usb_device_descriptor.o
                0x2000004c                g_UsbDeviceAudioInterfaces
 .data.g_UsbDeviceAudioInterfaceList
                0x20000064        0x8 ./source/usb_device_descriptor.o
                0x20000064                g_UsbDeviceAudioInterfaceList
 .data.g_UsbDeviceAudioClass
                0x2000006c        0x8 ./source/usb_device_descriptor.o
                0x2000006c                g_UsbDeviceAudioClass
 .data.g_UsbDeviceDescriptor
                0x20000074       0x12 ./source/usb_device_descriptor.o
                0x20000074                g_UsbDeviceDescriptor
 *fill*         0x20000086        0x2 ff
 .data.g_UsbDeviceConfigurationDescriptor
                0x20000088       0x65 ./source/usb_device_descriptor.o
                0x20000088                g_UsbDeviceConfigurationDescriptor
 *fill*         0x200000ed        0x3 ff
 .data.g_UsbDeviceString0
                0x200000f0        0x4 ./source/usb_device_descriptor.o
                0x200000f0                g_UsbDeviceString0
 .data.g_UsbDeviceString1
                0x200000f4       0x26 ./source/usb_device_descriptor.o
                0x200000f4                g_UsbDeviceString1
 *fill*         0x2000011a        0x2 ff
 .data.g_UsbDeviceString2
                0x2000011c       0x1e ./source/usb_device_descriptor.o
                0x2000011c                g_UsbDeviceString2
 *fill*         0x2000013a        0x2 ff
 .data.g_UsbDeviceStringDescriptorLength
                0x2000013c        0xc ./source/usb_device_descriptor.o
                0x2000013c                g_UsbDeviceStringDescriptorLength
 .data.g_UsbDeviceStringDescriptorArray
                0x20000148        0xc ./source/usb_device_descriptor.o
                0x20000148                g_UsbDeviceStringDescriptorArray
 .data.g_UsbDeviceLanguage
                0x20000154        0xc ./source/usb_device_descriptor.o
                0x20000154                g_UsbDeviceLanguage
 .data.g_UsbDeviceLanguageList
                0x20000160       0x10 ./source/usb_device_descriptor.o
                0x20000160                g_UsbDeviceLanguageList
 .data.SystemCoreClock
                0x20000170        0x4 ./device/system_MIMXRT1021.o
                0x20000170                SystemCoreClock
                0x20000174                . = ALIGN (0x4)
                0x20000174                _edata = .
                [!provide]                PROVIDE (__end_data_RAM = .)
                [!provide]                PROVIDE (__end_data_SRAM_DTC = .)

.igot.plt       0x20000174        0x0 load address 0x6000a080
 .igot.plt      0x20000174        0x0 ./xip/evkmimxrt1020_flexspi_nor_config.o

.bss_RAM2       0x00000000        0x0
                [!provide]                PROVIDE (__start_bss_RAM2 = .)
                [!provide]                PROVIDE (__start_bss_SRAM_ITC = .)
 *(SORT_BY_ALIGNMENT(.bss.$RAM2))
 *(SORT_BY_ALIGNMENT(.bss.$SRAM_ITC))
 *(SORT_BY_ALIGNMENT(.bss.$RAM2.*))
 *(SORT_BY_ALIGNMENT(.bss.$SRAM_ITC.*))
                0x00000000                . = ALIGN ((. != 0x0)?0x4:0x1)
                [!provide]                PROVIDE (__end_bss_RAM2 = .)
                [!provide]                PROVIDE (__end_bss_SRAM_ITC = .)

.bss_RAM3       0x20200000        0x0
                [!provide]                PROVIDE (__start_bss_RAM3 = .)
                [!provide]                PROVIDE (__start_bss_SRAM_OC = .)
 *(SORT_BY_ALIGNMENT(.bss.$RAM3))
 *(SORT_BY_ALIGNMENT(.bss.$SRAM_OC))
 *(SORT_BY_ALIGNMENT(.bss.$RAM3.*))
 *(SORT_BY_ALIGNMENT(.bss.$SRAM_OC.*))
                0x20200000                . = ALIGN ((. != 0x0)?0x4:0x1)
                [!provide]                PROVIDE (__end_bss_RAM3 = .)
                [!provide]                PROVIDE (__end_bss_SRAM_OC = .)

.bss_RAM4       0x80000000        0x0
                [!provide]                PROVIDE (__start_bss_RAM4 = .)
                [!provide]                PROVIDE (__start_bss_BOARD_SDRAM = .)
 *(SORT_BY_ALIGNMENT(.bss.$RAM4))
 *(SORT_BY_ALIGNMENT(.bss.$BOARD_SDRAM))
 *(SORT_BY_ALIGNMENT(.bss.$RAM4.*))
 *(SORT_BY_ALIGNMENT(.bss.$BOARD_SDRAM.*))
                0x80000000                . = ALIGN ((. != 0x0)?0x4:0x1)
                [!provide]                PROVIDE (__end_bss_RAM4 = .)
                [!provide]                PROVIDE (__end_bss_BOARD_SDRAM = .)

.bss_RAM5       0x81e00000        0x0
                [!provide]                PROVIDE (__start_bss_RAM5 = .)
                [!provide]                PROVIDE (__start_bss_NCACHE_REGION = .)
 *(SORT_BY_ALIGNMENT(.bss.$RAM5))
 *(SORT_BY_ALIGNMENT(.bss.$NCACHE_REGION))
 *(SORT_BY_ALIGNMENT(.bss.$RAM5.*))
 *(SORT_BY_ALIGNMENT(.bss.$NCACHE_REGION.*))
                0x81e00000                . = ALIGN ((. != 0x0)?0x4:0x1)
                [!provide]                PROVIDE (__end_bss_RAM5 = .)
                [!provide]                PROVIDE (__end_bss_NCACHE_REGION = .)

.bss            0x20000800      0x888
                0x20000800                _bss = .
                [!provide]                PROVIDE (__start_bss_RAM = .)
                [!provide]                PROVIDE (__start_bss_SRAM_DTC = .)
 *(SORT_BY_ALIGNMENT(NonCacheable))
 *(SORT_BY_ALIGNMENT(.bss*))
 .bss.qh_buffer
                0x20000800      0x400 ./usb/device/source/ehci/usb_device_ehci.o
 .bss.s_UsbDeviceEhciDtd
                0x20000c00      0x200 ./usb/device/source/ehci/usb_device_ehci.o
 .bss.s_UsbDevice
                0x20000e00       0x78 ./usb/device/source/usb_device_dci.o
 .bss.s_debugConsoleState
                0x20000e78       0x1c ./utilities/fsl_debug_console.o
 .bss.g_serialHandle
                0x20000e94        0x4 ./utilities/fsl_debug_console.o
                0x20000e94                g_serialHandle
 .bss.g_UsbDeviceEhciState
                0x20000e98       0x5c ./usb/device/source/ehci/usb_device_ehci.o
 .bss.g_UsbDeviceEhciStateStatus
                0x20000ef4        0x1 ./usb/device/source/ehci/usb_device_ehci.o
 *fill*         0x20000ef5        0x3 
 .bss.s_UsbDeviceAudioHandle
                0x20000ef8       0x14 ./usb/device/class/audio/usb_device_midi.o
 .bss.s_UsbDeviceCommonClassStruct
                0x20000f0c       0x10 ./usb/device/class/usb_device_class.o
 .bss.s_UsbDeviceSetupBuffer
                0x20000f1c        0x8 ./usb/device/class/usb_device_class.o
 .bss.midibuf1  0x20000f24       0x40 ./source/audio_generator.o
                0x20000f24                midibuf1
 .bss.s_audioGenerator
                0x20000f64       0x3c ./source/audio_generator.o
                0x20000f64                s_audioGenerator
 .bss.g_xtalFreq
                0x20000fa0        0x4 ./drivers/fsl_clock.o
                0x20000fa0                g_xtalFreq
 .bss.g_rtcXtalFreq
                0x20000fa4        0x4 ./drivers/fsl_clock.o
                0x20000fa4                g_rtcXtalFreq
 .bss.s_lpuartHandle
                0x20000fa8       0x24 ./drivers/fsl_lpuart.o
 .bss.s_lpuartIsr
                0x20000fcc        0x4 ./drivers/fsl_lpuart.o
 .bss.errno     0x20000fd0        0x4 c:/nxp/mcuxpressoide_11.1.0_3209/ide/plugins/com.nxp.mcuxpresso.tools.win32_11.1.0.201909161352/tools/bin/../lib/gcc/arm-none-eabi/8.3.1/../../../../arm-none-eabi/lib/thumb/v7e-m+dp/hard\libcr_c.a(errno.o)
                0x20000fd0                errno
 .bss.__Ciob    0x20000fd4       0xb4 c:/nxp/mcuxpressoide_11.1.0_3209/ide/plugins/com.nxp.mcuxpresso.tools.win32_11.1.0.201909161352/tools/bin/../lib/gcc/arm-none-eabi/8.3.1/../../../../arm-none-eabi/lib/thumb/v7e-m+dp/hard\libcr_nohost_nf.a(__ciob.o)
                0x20000fd4                __Ciob
 *(SORT_BY_ALIGNMENT(COMMON))
                0x20001088                . = ALIGN (0x4)
                0x20001088                _ebss = .
                [!provide]                PROVIDE (__end_bss_RAM = .)
                [!provide]                PROVIDE (__end_bss_SRAM_DTC = .)
                [!provide]                PROVIDE (end = .)

.noinit_RAM2    0x00000000        0x0
                [!provide]                PROVIDE (__start_noinit_RAM2 = .)
                [!provide]                PROVIDE (__start_noinit_SRAM_ITC = .)
 *(SORT_BY_ALIGNMENT(.noinit.$RAM2))
 *(SORT_BY_ALIGNMENT(.noinit.$SRAM_ITC))
 *(SORT_BY_ALIGNMENT(.noinit.$RAM2.*))
 *(SORT_BY_ALIGNMENT(.noinit.$SRAM_ITC.*))
                0x00000000                . = ALIGN (0x4)
                [!provide]                PROVIDE (__end_noinit_RAM2 = .)
                [!provide]                PROVIDE (__end_noinit_SRAM_ITC = .)

.noinit_RAM3    0x20200000        0x0
                [!provide]                PROVIDE (__start_noinit_RAM3 = .)
                [!provide]                PROVIDE (__start_noinit_SRAM_OC = .)
 *(SORT_BY_ALIGNMENT(.noinit.$RAM3))
 *(SORT_BY_ALIGNMENT(.noinit.$SRAM_OC))
 *(SORT_BY_ALIGNMENT(.noinit.$RAM3.*))
 *(SORT_BY_ALIGNMENT(.noinit.$SRAM_OC.*))
                0x20200000                . = ALIGN (0x4)
                [!provide]                PROVIDE (__end_noinit_RAM3 = .)
                [!provide]                PROVIDE (__end_noinit_SRAM_OC = .)

.noinit_RAM4    0x80000000        0x0
                [!provide]                PROVIDE (__start_noinit_RAM4 = .)
                [!provide]                PROVIDE (__start_noinit_BOARD_SDRAM = .)
 *(SORT_BY_ALIGNMENT(.noinit.$RAM4))
 *(SORT_BY_ALIGNMENT(.noinit.$BOARD_SDRAM))
 *(SORT_BY_ALIGNMENT(.noinit.$RAM4.*))
 *(SORT_BY_ALIGNMENT(.noinit.$BOARD_SDRAM.*))
                0x80000000                . = ALIGN (0x4)
                [!provide]                PROVIDE (__end_noinit_RAM4 = .)
                [!provide]                PROVIDE (__end_noinit_BOARD_SDRAM = .)

.noinit_RAM5    0x81e00000        0x0
                [!provide]                PROVIDE (__start_noinit_RAM5 = .)
                [!provide]                PROVIDE (__start_noinit_NCACHE_REGION = .)
 *(SORT_BY_ALIGNMENT(.noinit.$RAM5))
 *(SORT_BY_ALIGNMENT(.noinit.$NCACHE_REGION))
 *(SORT_BY_ALIGNMENT(.noinit.$RAM5.*))
 *(SORT_BY_ALIGNMENT(.noinit.$NCACHE_REGION.*))
                0x81e00000                . = ALIGN (0x4)
                [!provide]                PROVIDE (__end_noinit_RAM5 = .)
                [!provide]                PROVIDE (__end_noinit_NCACHE_REGION = .)

.noinit         0x20001088        0x0
                0x20001088                _noinit = .
                [!provide]                PROVIDE (__start_noinit_RAM = .)
                [!provide]                PROVIDE (__start_noinit_SRAM_DTC = .)
 *(SORT_BY_ALIGNMENT(.noinit*))
                0x20001088                . = ALIGN (0x4)
                0x20001088                _end_noinit = .
                [!provide]                PROVIDE (__end_noinit_RAM = .)
                [!provide]                PROVIDE (__end_noinit_SRAM_DTC = .)
                0x00002000                _HeapSize = 0x2000

.heap           0x20001088     0x2000
                0x20001088                _pvHeapStart = .
                0x20003088                . = (. + _HeapSize)
 *fill*         0x20001088     0x2000 
                0x20003088                . = ALIGN (0x4)
                0x20003088                _pvHeapLimit = .
                0x00002000                _StackSize = 0x2000

.heap2stackfill
                0x20003088     0x2000
                0x20005088                . = (. + _StackSize)
 *fill*         0x20003088     0x2000 

.stack          0x2000e000        0x0
                0x2000e000                _vStackBase = .
                0x2000e000                . = ALIGN (0x4)
                0x20010000                _vStackTop = (. + _StackSize)
                0x60002000                _image_start = LOADADDR (.text)
                0x6000a080                _image_end = (LOADADDR (.data) + SIZEOF (.data))
                0x00008080                _image_size = (_image_end - _image_start)
OUTPUT(evkmimxrt1020_dev_audio_generator_bm.axf elf32-littlearm)

.debug_info     0x00000000    0x1620a
 .debug_info    0x00000000      0x7e9 ./xip/evkmimxrt1020_flexspi_nor_config.o
 .debug_info    0x000007e9      0x5d7 ./xip/fsl_flexspi_nor_boot.o
 .debug_info    0x00000dc0      0x14f ./utilities/fsl_assert.o
 .debug_info    0x00000f0f      0xa9d ./utilities/fsl_debug_console.o
 .debug_info    0x000019ac      0x55e ./utilities/fsl_str.o
 .debug_info    0x00001f0a      0x883 ./usb/phy/usb_phy.o
 .debug_info    0x0000278d     0x1d8e ./usb/device/source/ehci/usb_device_ehci.o
 .debug_info    0x0000451b     0x166e ./usb/device/source/usb_device_ch9.o
 .debug_info    0x00005b89     0x1391 ./usb/device/source/usb_device_dci.o
 .debug_info    0x00006f1a      0xf32 ./usb/device/class/audio/usb_device_midi.o
 .debug_info    0x00007e4c      0xf85 ./usb/device/class/usb_device_class.o
 .debug_info    0x00008dd1      0xcb5 ./startup/startup_mimxrt1021.o
 .debug_info    0x00009a86     0x1b1e ./source/audio_generator.o
 .debug_info    0x0000b5a4       0x3c ./source/semihost_hardfault.o
 .debug_info    0x0000b5e0      0xc13 ./source/usb_device_descriptor.o
 .debug_info    0x0000c1f3     0x1b12 ./drivers/fsl_clock.o
 .debug_info    0x0000dd05     0x20f3 ./drivers/fsl_lpuart.o
 .debug_info    0x0000fdf8      0xc9e ./device/system_MIMXRT1021.o
 .debug_info    0x00010a96      0xa44 ./component/uart/lpuart_adapter.o
 .debug_info    0x000114da      0x8f1 ./component/serial_manager/serial_manager.o
 .debug_info    0x00011dcb      0x57b ./component/serial_manager/serial_port_uart.o